Jun  8 21:14:55 TPServer kernel: [   42.196026] clocksource: Long readout interval, skipping watchdog check: cs_nsec: 1512725515 wd_nsec: 1512724906
Jun  8 21:17:36 TPServer kernel: [  200.167854] clocksource: Long readout interval, skipping watchdog check: cs_nsec: 4195920606 wd_nsec: 4195918860
Jun  8 21:20:11 TPServer kernel: [  355.503449] clocksource: Long readout interval, skipping watchdog check: cs_nsec: 11365478004 wd_nsec: 11365473285
Jun  8 21:24:20 TPServer rsyslogd: [origin software="rsyslogd" swVersion="8.2102.0" x-pid="466" x-info="https://www.rsyslog.com"] rsyslogd was HUPed
Jun  8 21:30:37 TPServer kernel: [    0.000000] Linux version 5.10.0-35-amd64 (debian-kernel@lists.debian.org) (gcc-10 (Debian 10.2.1-6) 10.2.1 20210110, GNU ld (GNU Binutils for Debian) 2.35.2) #1 SMP Debian 5.10.237-1 (2025-05-19)
Jun  8 21:30:37 TPServer kernel: [    0.000000] Command line: BOOT_IMAGE=/boot/vmlinuz-5.10.0-35-amd64 root=UUID=cd2cb4ca-39bd-4522-919c-e4ceb81b5ae8 ro quiet
Jun  8 21:30:37 TPServer kernel: [    0.000000] [Firmware Bug]: TSC doesn't count with P0 frequency!
Jun  8 21:30:37 TPServer kernel: [    0.000000] BIOS-provided physical RAM map:
Jun  8 21:30:37 TPServer kernel: [    0.000000] BIOS-e820: [mem 0x0000000000000000-0x000000000009fbff] usable
Jun  8 21:30:37 TPServer kernel: [    0.000000] BIOS-e820: [mem 0x000000000009fc00-0x000000000009ffff] reserved
Jun  8 21:30:37 TPServer kernel: [    0.000000] BIOS-e820: [mem 0x00000000000f0000-0x00000000000fffff] reserved
Jun  8 21:30:37 TPServer kernel: [    0.000000] BIOS-e820: [mem 0x0000000000100000-0x00000000dffeffff] usable
Jun  8 21:30:37 TPServer kernel: [    0.000000] BIOS-e820: [mem 0x00000000dfff0000-0x00000000dfffffff] ACPI data
Jun  8 21:30:37 TPServer kernel: [    0.000000] BIOS-e820: [mem 0x00000000fec00000-0x00000000fec00fff] reserved
Jun  8 21:30:37 TPServer kernel: [    0.000000] BIOS-e820: [mem 0x00000000fee00000-0x00000000fee00fff] reserved
Jun  8 21:30:37 TPServer kernel: [    0.000000] BIOS-e820: [mem 0x00000000fffc0000-0x00000000ffffffff] reserved
Jun  8 21:30:37 TPServer kernel: [    0.000000] BIOS-e820: [mem 0x0000000100000000-0x000000021fffffff] usable
Jun  8 21:30:37 TPServer kernel: [    0.000000] NX (Execute Disable) protection: active
Jun  8 21:30:37 TPServer kernel: [    0.000000] SMBIOS 2.5 present.
Jun  8 21:30:37 TPServer kernel: [    0.000000] DMI: innotek GmbH VirtualBox/VirtualBox, BIOS VirtualBox 12/01/2006
Jun  8 21:30:37 TPServer kernel: [    0.000000] Hypervisor detected: KVM
Jun  8 21:30:37 TPServer kernel: [    0.000000] kvm-clock: Using msrs 4b564d01 and 4b564d00
Jun  8 21:30:37 TPServer kernel: [    0.000000] kvm-clock: cpu 0, msr 1c1201001, primary cpu clock
Jun  8 21:30:37 TPServer kernel: [    0.000000] kvm-clock: using sched offset of 9174946619 cycles
Jun  8 21:30:37 TPServer kernel: [    0.000001] clocksource: kvm-clock: mask: 0xffffffffffffffff max_cycles: 0x1cd42e4dffb, max_idle_ns: 881590591483 ns
Jun  8 21:30:37 TPServer kernel: [    0.000003] tsc: Detected 3693.052 MHz processor
Jun  8 21:30:37 TPServer kernel: [    0.000425] last_pfn = 0x220000 max_arch_pfn = 0x400000000
Jun  8 21:30:37 TPServer kernel: [    0.000485] x86/PAT: Configuration [0-7]: WB  WC  UC- UC  WB  WP  UC- WT  
Jun  8 21:30:37 TPServer kernel: [    0.000511] last_pfn = 0xdfff0 max_arch_pfn = 0x400000000
Jun  8 21:30:37 TPServer kernel: [    0.003751] found SMP MP-table at [mem 0x0009fbf0-0x0009fbff]
Jun  8 21:30:37 TPServer kernel: [    0.049194] RAMDISK: [mem 0x34831000-0x3640ffff]
Jun  8 21:30:37 TPServer kernel: [    0.049199] ACPI: Early table checksum verification disabled
Jun  8 21:30:37 TPServer kernel: [    0.049203] ACPI: RSDP 0x00000000000E0000 000024 (v02 VBOX  )
Jun  8 21:30:37 TPServer kernel: [    0.049207] ACPI: XSDT 0x00000000DFFF0030 00003C (v01 VBOX   VBOXXSDT 00000001 ASL  00000061)
Jun  8 21:30:37 TPServer kernel: [    0.049211] ACPI: FACP 0x00000000DFFF00F0 0000F4 (v04 VBOX   VBOXFACP 00000001 ASL  00000061)
Jun  8 21:30:37 TPServer kernel: [    0.049215] ACPI: DSDT 0x00000000DFFF0620 002353 (v02 VBOX   VBOXBIOS 00000002 INTL 20100528)
Jun  8 21:30:37 TPServer kernel: [    0.049217] ACPI: FACS 0x00000000DFFF0200 000040
Jun  8 21:30:37 TPServer kernel: [    0.049219] ACPI: FACS 0x00000000DFFF0200 000040
Jun  8 21:30:37 TPServer kernel: [    0.049220] ACPI: APIC 0x00000000DFFF0240 00006C (v02 VBOX   VBOXAPIC 00000001 ASL  00000061)
Jun  8 21:30:37 TPServer kernel: [    0.049222] ACPI: SSDT 0x00000000DFFF02B0 00036C (v01 VBOX   VBOXCPUT 00000002 INTL 20100528)
Jun  8 21:30:37 TPServer kernel: [    0.049224] ACPI: Reserving FACP table memory at [mem 0xdfff00f0-0xdfff01e3]
Jun  8 21:30:37 TPServer kernel: [    0.049225] ACPI: Reserving DSDT table memory at [mem 0xdfff0620-0xdfff2972]
Jun  8 21:30:37 TPServer kernel: [    0.049225] ACPI: Reserving FACS table memory at [mem 0xdfff0200-0xdfff023f]
Jun  8 21:30:37 TPServer kernel: [    0.049226] ACPI: Reserving FACS table memory at [mem 0xdfff0200-0xdfff023f]
Jun  8 21:30:37 TPServer kernel: [    0.049226] ACPI: Reserving APIC table memory at [mem 0xdfff0240-0xdfff02ab]
Jun  8 21:30:37 TPServer kernel: [    0.049227] ACPI: Reserving SSDT table memory at [mem 0xdfff02b0-0xdfff061b]
Jun  8 21:30:37 TPServer kernel: [    0.049360] No NUMA configuration found
Jun  8 21:30:37 TPServer kernel: [    0.049364] Faking a node at [mem 0x0000000000000000-0x000000021fffffff]
Jun  8 21:30:37 TPServer kernel: [    0.049373] NODE_DATA(0) allocated [mem 0x21ffd2000-0x21fffbfff]
Jun  8 21:30:37 TPServer kernel: [    0.049582] Zone ranges:
Jun  8 21:30:37 TPServer kernel: [    0.049583]   DMA      [mem 0x0000000000001000-0x0000000000ffffff]
Jun  8 21:30:37 TPServer kernel: [    0.049584]   DMA32    [mem 0x0000000001000000-0x00000000ffffffff]
Jun  8 21:30:37 TPServer kernel: [    0.049585]   Normal   [mem 0x0000000100000000-0x000000021fffffff]
Jun  8 21:30:37 TPServer kernel: [    0.049586]   Device   empty
Jun  8 21:30:37 TPServer kernel: [    0.049587] Movable zone start for each node
Jun  8 21:30:37 TPServer kernel: [    0.049588] Early memory node ranges
Jun  8 21:30:37 TPServer kernel: [    0.049588]   node   0: [mem 0x0000000000001000-0x000000000009efff]
Jun  8 21:30:37 TPServer kernel: [    0.049589]   node   0: [mem 0x0000000000100000-0x00000000dffeffff]
Jun  8 21:30:37 TPServer kernel: [    0.049590]   node   0: [mem 0x0000000100000000-0x000000021fffffff]
Jun  8 21:30:37 TPServer kernel: [    0.049591] Initmem setup node 0 [mem 0x0000000000001000-0x000000021fffffff]
Jun  8 21:30:37 TPServer kernel: [    0.050065] On node 0, zone DMA: 1 pages in unavailable ranges
Jun  8 21:30:37 TPServer kernel: [    0.050111] On node 0, zone DMA: 97 pages in unavailable ranges
Jun  8 21:30:37 TPServer kernel: [    0.065121] On node 0, zone Normal: 16 pages in unavailable ranges
Jun  8 21:30:37 TPServer kernel: [    0.066533] ACPI: PM-Timer IO Port: 0x4008
Jun  8 21:30:37 TPServer kernel: [    0.066646] IOAPIC[0]: apic_id 4, version 32, address 0xfec00000, GSI 0-23
Jun  8 21:30:37 TPServer kernel: [    0.066650] ACPI: INT_SRC_OVR (bus 0 bus_irq 0 global_irq 2 dfl dfl)
Jun  8 21:30:37 TPServer kernel: [    0.066652] ACPI: INT_SRC_OVR (bus 0 bus_irq 9 global_irq 9 low level)
Jun  8 21:30:37 TPServer kernel: [    0.066656] Using ACPI (MADT) for SMP configuration information
Jun  8 21:30:37 TPServer kernel: [    0.066665] smpboot: Allowing 4 CPUs, 0 hotplug CPUs
Jun  8 21:30:37 TPServer kernel: [    0.066703] PM: hibernation: Registered nosave memory: [mem 0x00000000-0x00000fff]
Jun  8 21:30:37 TPServer kernel: [    0.066704] PM: hibernation: Registered nosave memory: [mem 0x0009f000-0x000fffff]
Jun  8 21:30:37 TPServer kernel: [    0.066705] PM: hibernation: Registered nosave memory: [mem 0xdfff0000-0xffffffff]
Jun  8 21:30:37 TPServer kernel: [    0.066707] [mem 0xe0000000-0xfebfffff] available for PCI devices
Jun  8 21:30:37 TPServer kernel: [    0.066708] Booting paravirtualized kernel on KVM
Jun  8 21:30:37 TPServer kernel: [    0.066711] clocksource: refined-jiffies: mask: 0xffffffff max_cycles: 0xffffffff, max_idle_ns: 7645519600211568 ns
Jun  8 21:30:37 TPServer kernel: [    0.069128] setup_percpu: NR_CPUS:8192 nr_cpumask_bits:4 nr_cpu_ids:4 nr_node_ids:1
Jun  8 21:30:37 TPServer kernel: [    0.069961] percpu: Embedded 63 pages/cpu s221184 r8192 d28672 u524288
Jun  8 21:30:37 TPServer kernel: [    0.069994] kvm-guest: PV spinlocks enabled
Jun  8 21:30:37 TPServer kernel: [    0.069997] PV qspinlock hash table entries: 256 (order: 0, 4096 bytes, linear)
Jun  8 21:30:37 TPServer kernel: [    0.070006] Built 1 zonelists, mobility grouping on.  Total pages: 2064249
Jun  8 21:30:37 TPServer kernel: [    0.070008] Policy zone: Normal
Jun  8 21:30:37 TPServer kernel: [    0.070009] Kernel command line: BOOT_IMAGE=/boot/vmlinuz-5.10.0-35-amd64 root=UUID=cd2cb4ca-39bd-4522-919c-e4ceb81b5ae8 ro quiet
Jun  8 21:30:37 TPServer kernel: [    0.073436] Dentry cache hash table entries: 1048576 (order: 11, 8388608 bytes, linear)
Jun  8 21:30:37 TPServer kernel: [    0.075214] Inode-cache hash table entries: 524288 (order: 10, 4194304 bytes, linear)
Jun  8 21:30:37 TPServer kernel: [    0.075244] mem auto-init: stack:off, heap alloc:on, heap free:off
Jun  8 21:30:37 TPServer kernel: [    0.102545] Memory: 3706212K/8388152K available (12295K kernel code, 2543K rwdata, 7644K rodata, 2680K init, 17684K bss, 288376K reserved, 0K cma-reserved)
Jun  8 21:30:37 TPServer kernel: [    0.103214] SLUB: HWalign=64, Order=0-3, MinObjects=0, CPUs=4, Nodes=1
Jun  8 21:30:37 TPServer kernel: [    0.103282] ftrace: allocating 36733 entries in 144 pages
Jun  8 21:30:37 TPServer kernel: [    0.119386] ftrace: allocated 144 pages with 2 groups
Jun  8 21:30:37 TPServer kernel: [    0.120050] rcu: Hierarchical RCU implementation.
Jun  8 21:30:37 TPServer kernel: [    0.120051] rcu: 	RCU restricting CPUs from NR_CPUS=8192 to nr_cpu_ids=4.
Jun  8 21:30:37 TPServer kernel: [    0.120053] 	Rude variant of Tasks RCU enabled.
Jun  8 21:30:37 TPServer kernel: [    0.120053] 	Tracing variant of Tasks RCU enabled.
Jun  8 21:30:37 TPServer kernel: [    0.120055] rcu: RCU calculated value of scheduler-enlistment delay is 25 jiffies.
Jun  8 21:30:37 TPServer kernel: [    0.120056] rcu: Adjusting geometry for rcu_fanout_leaf=16, nr_cpu_ids=4
Jun  8 21:30:37 TPServer kernel: [    0.123276] NR_IRQS: 524544, nr_irqs: 456, preallocated irqs: 16
Jun  8 21:30:37 TPServer kernel: [    0.123698] random: crng init done
Jun  8 21:30:37 TPServer kernel: [    0.129330] Console: colour VGA+ 80x25
Jun  8 21:30:37 TPServer kernel: [    0.129336] printk: console [tty0] enabled
Jun  8 21:30:37 TPServer kernel: [    0.129350] ACPI: Core revision 20200925
Jun  8 21:30:37 TPServer kernel: [    0.129426] APIC: Switch to symmetric I/O mode setup
Jun  8 21:30:37 TPServer kernel: [    0.129569] x2apic enabled
Jun  8 21:30:37 TPServer kernel: [    0.129732] Switched APIC routing to physical x2apic.
Jun  8 21:30:37 TPServer kernel: [    0.130572] ..TIMER: vector=0x30 apic1=0 pin1=2 apic2=-1 pin2=-1
Jun  8 21:30:37 TPServer kernel: [    0.130587] clocksource: tsc-early: mask: 0xffffffffffffffff max_cycles: 0x6a7763b2526, max_idle_ns: 881590616402 ns
Jun  8 21:30:37 TPServer kernel: [    0.130591] Calibrating delay loop (skipped) preset value.. 7386.10 BogoMIPS (lpj=14772208)
Jun  8 21:30:37 TPServer kernel: [    0.130672] Last level iTLB entries: 4KB 512, 2MB 512, 4MB 256
Jun  8 21:30:37 TPServer kernel: [    0.130673] Last level dTLB entries: 4KB 2048, 2MB 2048, 4MB 1024, 1GB 0
Jun  8 21:30:37 TPServer kernel: [    0.130675] Spectre V1 : Mitigation: usercopy/swapgs barriers and __user pointer sanitization
Jun  8 21:30:37 TPServer kernel: [    0.130676] Spectre V2 : Mitigation: Retpolines
Jun  8 21:30:37 TPServer kernel: [    0.130677] Spectre V2 : Spectre v2 / SpectreRSB mitigation: Filling RSB on context switch
Jun  8 21:30:37 TPServer kernel: [    0.130677] Spectre V2 : Spectre v2 / SpectreRSB : Filling RSB on VMEXIT
Jun  8 21:30:37 TPServer kernel: [    0.130679] Speculative Return Stack Overflow: Mitigation: safe RET
Jun  8 21:30:37 TPServer kernel: [    0.130695] x86/fpu: Supporting XSAVE feature 0x001: 'x87 floating point registers'
Jun  8 21:30:37 TPServer kernel: [    0.130695] x86/fpu: Supporting XSAVE feature 0x002: 'SSE registers'
Jun  8 21:30:37 TPServer kernel: [    0.130695] x86/fpu: Supporting XSAVE feature 0x004: 'AVX registers'
Jun  8 21:30:37 TPServer kernel: [    0.130697] x86/fpu: xstate_offset[2]:  576, xstate_sizes[2]:  256
Jun  8 21:30:37 TPServer kernel: [    0.130698] x86/fpu: Enabled xstate features 0x7, context size is 832 bytes, using 'standard' format.
Jun  8 21:30:37 TPServer kernel: [    0.134589] Freeing SMP alternatives memory: 32K
Jun  8 21:30:37 TPServer kernel: [    0.134589] pid_max: default: 32768 minimum: 301
Jun  8 21:30:37 TPServer kernel: [    0.134589] LSM: Security Framework initializing
Jun  8 21:30:37 TPServer kernel: [    0.134589] Yama: disabled by default; enable with sysctl kernel.yama.*
Jun  8 21:30:37 TPServer kernel: [    0.134589] AppArmor: AppArmor initialized
Jun  8 21:30:37 TPServer kernel: [    0.134589] TOMOYO Linux initialized
Jun  8 21:30:37 TPServer kernel: [    0.134589] Mount-cache hash table entries: 16384 (order: 5, 131072 bytes, linear)
Jun  8 21:30:37 TPServer kernel: [    0.134589] Mountpoint-cache hash table entries: 16384 (order: 5, 131072 bytes, linear)
Jun  8 21:30:37 TPServer kernel: [    0.242637] smpboot: CPU0: AMD Ryzen 5 5600X 6-Core Processor (family: 0x19, model: 0x21, stepping: 0x0)
Jun  8 21:30:37 TPServer kernel: [    0.242794] Performance Events: PMU not available due to virtualization, using software events only.
Jun  8 21:30:37 TPServer kernel: [    0.242836] rcu: Hierarchical SRCU implementation.
Jun  8 21:30:37 TPServer kernel: [    0.243093] NMI watchdog: Perf NMI watchdog permanently disabled
Jun  8 21:30:37 TPServer kernel: [    0.243151] smp: Bringing up secondary CPUs ...
Jun  8 21:30:37 TPServer kernel: [    0.243253] x86: Booting SMP configuration:
Jun  8 21:30:37 TPServer kernel: [    0.243254] .... node  #0, CPUs:      #1
Jun  8 21:30:37 TPServer kernel: [    0.010910] kvm-clock: cpu 1, msr 1c1201041, secondary cpu clock
Jun  8 21:30:37 TPServer kernel: [    0.245576]  #2
Jun  8 21:30:37 TPServer kernel: [    0.010910] kvm-clock: cpu 2, msr 1c1201081, secondary cpu clock
Jun  8 21:30:37 TPServer kernel: [    0.246689]  #3
Jun  8 21:30:37 TPServer kernel: [    0.010910] kvm-clock: cpu 3, msr 1c12010c1, secondary cpu clock
Jun  8 21:30:37 TPServer kernel: [    0.248975] smp: Brought up 1 node, 4 CPUs
Jun  8 21:30:37 TPServer kernel: [    0.248975] smpboot: Max logical packages: 1
Jun  8 21:30:37 TPServer kernel: [    0.248975] smpboot: Total of 4 processors activated (29544.41 BogoMIPS)
Jun  8 21:30:37 TPServer kernel: [    0.258936] node 0 deferred pages initialised in 12ms
Jun  8 21:30:37 TPServer kernel: [    0.259059] devtmpfs: initialized
Jun  8 21:30:37 TPServer kernel: [    0.259059] x86/mm: Memory block size: 128MB
Jun  8 21:30:37 TPServer kernel: [    0.259419] clocksource: jiffies: mask: 0xffffffff max_cycles: 0xffffffff, max_idle_ns: 7645041785100000 ns
Jun  8 21:30:37 TPServer kernel: [    0.259419] futex hash table entries: 1024 (order: 4, 65536 bytes, linear)
Jun  8 21:30:37 TPServer kernel: [    0.259419] pinctrl core: initialized pinctrl subsystem
Jun  8 21:30:37 TPServer kernel: [    0.259419] NET: Registered protocol family 16
Jun  8 21:30:37 TPServer kernel: [    0.259419] DMA: preallocated 1024 KiB GFP_KERNEL pool for atomic allocations
Jun  8 21:30:37 TPServer kernel: [    0.259419] DMA: preallocated 1024 KiB GFP_KERNEL|GFP_DMA pool for atomic allocations
Jun  8 21:30:37 TPServer kernel: [    0.259419] DMA: preallocated 1024 KiB GFP_KERNEL|GFP_DMA32 pool for atomic allocations
Jun  8 21:30:37 TPServer kernel: [    0.259419] audit: initializing netlink subsys (disabled)
Jun  8 21:30:37 TPServer kernel: [    0.262597] audit: type=2000 audit(1749429055.640:1): state=initialized audit_enabled=0 res=1
Jun  8 21:30:37 TPServer kernel: [    0.262731] thermal_sys: Registered thermal governor 'fair_share'
Jun  8 21:30:37 TPServer kernel: [    0.262733] thermal_sys: Registered thermal governor 'bang_bang'
Jun  8 21:30:37 TPServer kernel: [    0.262734] thermal_sys: Registered thermal governor 'step_wise'
Jun  8 21:30:37 TPServer kernel: [    0.262735] thermal_sys: Registered thermal governor 'user_space'
Jun  8 21:30:37 TPServer kernel: [    0.262736] thermal_sys: Registered thermal governor 'power_allocator'
Jun  8 21:30:37 TPServer kernel: [    0.262749] cpuidle: using governor ladder
Jun  8 21:30:37 TPServer kernel: [    0.262753] cpuidle: using governor menu
Jun  8 21:30:37 TPServer kernel: [    0.262950] ACPI: bus type PCI registered
Jun  8 21:30:37 TPServer kernel: [    0.262950] acpiphp: ACPI Hot Plug PCI Controller Driver version: 0.5
Jun  8 21:30:37 TPServer kernel: [    0.262950] PCI: Using configuration type 1 for base access
Jun  8 21:30:37 TPServer kernel: [    0.262950] PCI: Using configuration type 1 for extended access
Jun  8 21:30:37 TPServer kernel: [    0.263720] Kprobes globally optimized
Jun  8 21:30:37 TPServer kernel: [    0.263736] HugeTLB registered 2.00 MiB page size, pre-allocated 0 pages
Jun  8 21:30:37 TPServer kernel: [    0.343116] ACPI: Added _OSI(Module Device)
Jun  8 21:30:37 TPServer kernel: [    0.343116] ACPI: Added _OSI(Processor Device)
Jun  8 21:30:37 TPServer kernel: [    0.343116] ACPI: Added _OSI(3.0 _SCP Extensions)
Jun  8 21:30:37 TPServer kernel: [    0.343116] ACPI: Added _OSI(Processor Aggregator Device)
Jun  8 21:30:37 TPServer kernel: [    0.343116] ACPI: Added _OSI(Linux-Dell-Video)
Jun  8 21:30:37 TPServer kernel: [    0.343116] ACPI: Added _OSI(Linux-Lenovo-NV-HDMI-Audio)
Jun  8 21:30:37 TPServer kernel: [    0.343116] ACPI: Added _OSI(Linux-HPI-Hybrid-Graphics)
Jun  8 21:30:37 TPServer kernel: [    0.344452] ACPI: 2 ACPI AML tables successfully acquired and loaded
Jun  8 21:30:37 TPServer kernel: [    0.344452] ACPI: Interpreter enabled
Jun  8 21:30:37 TPServer kernel: [    0.344452] ACPI: (supports S0 S5)
Jun  8 21:30:37 TPServer kernel: [    0.344452] ACPI: Using IOAPIC for interrupt routing
Jun  8 21:30:37 TPServer kernel: [    0.344452] PCI: Using host bridge windows from ACPI; if necessary, use "pci=nocrs" and report a bug
Jun  8 21:30:37 TPServer kernel: [    0.344452] ACPI: Enabled 2 GPEs in block 00 to 07
Jun  8 21:30:37 TPServer kernel: [    0.349342] ACPI: PCI Root Bridge [PCI0] (domain 0000 [bus 00-ff])
Jun  8 21:30:37 TPServer kernel: [    0.349348] acpi PNP0A03:00: _OSC: OS supports [ExtendedConfig ASPM ClockPM Segments MSI HPX-Type3]
Jun  8 21:30:37 TPServer kernel: [    0.349348] acpi PNP0A03:00: _OSC: platform does not support [PCIeCapability LTR]
Jun  8 21:30:37 TPServer kernel: [    0.350589] acpi PNP0A03:00: _OSC: not requesting control; platform does not support [PCIeCapability]
Jun  8 21:30:37 TPServer kernel: [    0.350589] acpi PNP0A03:00: _OSC: OS requested [PCIeHotplug SHPCHotplug PME AER PCIeCapability LTR]
Jun  8 21:30:37 TPServer kernel: [    0.350589] acpi PNP0A03:00: _OSC: platform willing to grant [PCIeHotplug SHPCHotplug PME AER]
Jun  8 21:30:37 TPServer kernel: [    0.350589] acpi PNP0A03:00: _OSC failed (AE_SUPPORT); disabling ASPM
Jun  8 21:30:37 TPServer kernel: [    0.350589] PCI host bridge to bus 0000:00
Jun  8 21:30:37 TPServer kernel: [    0.350589] pci_bus 0000:00: root bus resource [io  0x0000-0x0cf7 window]
Jun  8 21:30:37 TPServer kernel: [    0.350589] pci_bus 0000:00: root bus resource [io  0x0d00-0xffff window]
Jun  8 21:30:37 TPServer kernel: [    0.350589] pci_bus 0000:00: root bus resource [mem 0x000a0000-0x000bffff window]
Jun  8 21:30:37 TPServer kernel: [    0.350589] pci_bus 0000:00: root bus resource [mem 0xe0000000-0xfdffffff window]
Jun  8 21:30:37 TPServer kernel: [    0.350589] pci_bus 0000:00: root bus resource [bus 00-ff]
Jun  8 21:30:37 TPServer kernel: [    0.350589] pci 0000:00:00.0: [8086:1237] type 00 class 0x060000
Jun  8 21:30:37 TPServer kernel: [    0.350589] pci 0000:00:01.0: [8086:7000] type 00 class 0x060100
Jun  8 21:30:37 TPServer kernel: [    0.350973] pci 0000:00:01.1: [8086:7111] type 00 class 0x01018a
Jun  8 21:30:37 TPServer kernel: [    0.351200] pci 0000:00:01.1: reg 0x20: [io  0xd000-0xd00f]
Jun  8 21:30:37 TPServer kernel: [    0.351287] pci 0000:00:01.1: legacy IDE quirk: reg 0x10: [io  0x01f0-0x01f7]
Jun  8 21:30:37 TPServer kernel: [    0.351288] pci 0000:00:01.1: legacy IDE quirk: reg 0x14: [io  0x03f6]
Jun  8 21:30:37 TPServer kernel: [    0.351289] pci 0000:00:01.1: legacy IDE quirk: reg 0x18: [io  0x0170-0x0177]
Jun  8 21:30:37 TPServer kernel: [    0.351290] pci 0000:00:01.1: legacy IDE quirk: reg 0x1c: [io  0x0376]
Jun  8 21:30:37 TPServer rsyslogd: imuxsock: Acquired UNIX socket '/run/systemd/journal/syslog' (fd 3) from systemd.  [v8.2102.0]
Jun  8 21:30:37 TPServer rsyslogd: [origin software="rsyslogd" swVersion="8.2102.0" x-pid="453" x-info="https://www.rsyslog.com"] start
Jun  8 21:30:37 TPServer kernel: [    0.351460] pci 0000:00:02.0: [15ad:0405] type 00 class 0x030000
Jun  8 21:30:37 TPServer kernel: [    0.354589] pci 0000:00:02.0: reg 0x10: [io  0xd010-0xd01f]
Jun  8 21:30:37 TPServer kernel: [    0.354589] pci 0000:00:02.0: reg 0x14: [mem 0xe0000000-0xe0ffffff pref]
Jun  8 21:30:37 TPServer kernel: [    0.354761] pci 0000:00:02.0: reg 0x18: [mem 0xf0000000-0xf01fffff]
Jun  8 21:30:37 TPServer kernel: [    0.359161] pci 0000:00:03.0: [8086:100e] type 00 class 0x020000
Jun  8 21:30:37 TPServer kernel: [    0.360850] pci 0000:00:03.0: reg 0x10: [mem 0xf0200000-0xf021ffff]
Jun  8 21:30:37 TPServer kernel: [    0.362685] pci 0000:00:03.0: reg 0x18: [io  0xd020-0xd027]
Jun  8 21:30:37 TPServer kernel: [    0.367113] pci 0000:00:04.0: [80ee:cafe] type 00 class 0x088000
Jun  8 21:30:37 TPServer kernel: [    0.368874] pci 0000:00:04.0: reg 0x10: [io  0xd040-0xd05f]
Jun  8 21:30:37 TPServer kernel: [    0.370450] pci 0000:00:04.0: reg 0x14: [mem 0xf0400000-0xf07fffff]
Jun  8 21:30:37 TPServer kernel: [    0.370671] pci 0000:00:04.0: reg 0x18: [mem 0xf0800000-0xf0803fff pref]
Jun  8 21:30:37 TPServer kernel: [    0.374988] pci 0000:00:05.0: [8086:2415] type 00 class 0x040100
Jun  8 21:30:37 TPServer kernel: [    0.375064] pci 0000:00:05.0: reg 0x10: [io  0xd100-0xd1ff]
Jun  8 21:30:37 TPServer kernel: [    0.375101] pci 0000:00:05.0: reg 0x14: [io  0xd200-0xd23f]
Jun  8 21:30:37 TPServer kernel: [    0.375468] pci 0000:00:06.0: [106b:003f] type 00 class 0x0c0310
Jun  8 21:30:37 TPServer kernel: [    0.377101] pci 0000:00:06.0: reg 0x10: [mem 0xf0804000-0xf0804fff]
Jun  8 21:30:37 TPServer kernel: [    0.383108] pci 0000:00:07.0: [8086:7113] type 00 class 0x068000
Jun  8 21:30:37 TPServer kernel: [    0.383400] pci 0000:00:07.0: quirk: [io  0x4000-0x403f] claimed by PIIX4 ACPI
Jun  8 21:30:37 TPServer kernel: [    0.383408] pci 0000:00:07.0: quirk: [io  0x4100-0x410f] claimed by PIIX4 SMB
Jun  8 21:30:37 TPServer kernel: [    0.383696] pci 0000:00:0d.0: [8086:2829] type 00 class 0x010601
Jun  8 21:30:37 TPServer kernel: [    0.385182] pci 0000:00:0d.0: reg 0x10: [io  0xd240-0xd247]
Jun  8 21:30:37 TPServer kernel: [    0.386589] pci 0000:00:0d.0: reg 0x14: [io  0xd248-0xd24b]
Jun  8 21:30:37 TPServer kernel: [    0.386677] pci 0000:00:0d.0: reg 0x18: [io  0xd250-0xd257]
Jun  8 21:30:37 TPServer kernel: [    0.388079] pci 0000:00:0d.0: reg 0x1c: [io  0xd258-0xd25b]
Jun  8 21:30:37 TPServer kernel: [    0.389473] pci 0000:00:0d.0: reg 0x20: [io  0xd260-0xd26f]
Jun  8 21:30:37 TPServer kernel: [    0.390589] pci 0000:00:0d.0: reg 0x24: [mem 0xf0806000-0xf0807fff]
Jun  8 21:30:37 TPServer kernel: [    0.392232] ACPI: PCI Interrupt Link [LNKA] (IRQs 5 9 10 *11)
Jun  8 21:30:37 TPServer kernel: [    0.392493] ACPI: PCI Interrupt Link [LNKB] (IRQs 5 9 *10 11)
Jun  8 21:30:37 TPServer kernel: [    0.392570] ACPI: PCI Interrupt Link [LNKC] (IRQs 5 *9 10 11)
Jun  8 21:30:37 TPServer kernel: [    0.392660] ACPI: PCI Interrupt Link [LNKD] (IRQs 5 9 10 *11)
Jun  8 21:30:37 TPServer kernel: [    0.392870] iommu: Default domain type: Translated 
Jun  8 21:30:37 TPServer kernel: [    0.394626] pci 0000:00:02.0: vgaarb: setting as boot VGA device
Jun  8 21:30:37 TPServer kernel: [    0.394626] pci 0000:00:02.0: vgaarb: VGA device added: decodes=io+mem,owns=io+mem,locks=none
Jun  8 21:30:37 TPServer kernel: [    0.394626] pci 0000:00:02.0: vgaarb: bridge control possible
Jun  8 21:30:37 TPServer kernel: [    0.394626] vgaarb: loaded
Jun  8 21:30:37 TPServer kernel: [    0.394716] EDAC MC: Ver: 3.0.0
Jun  8 21:30:37 TPServer kernel: [    0.394916] NetLabel: Initializing
Jun  8 21:30:37 TPServer kernel: [    0.394916] NetLabel:  domain hash size = 128
Jun  8 21:30:37 TPServer kernel: [    0.394916] NetLabel:  protocols = UNLABELED CIPSOv4 CALIPSO
Jun  8 21:30:37 TPServer kernel: [    0.394916] NetLabel:  unlabeled traffic allowed by default
Jun  8 21:30:37 TPServer kernel: [    0.394916] PCI: Using ACPI for IRQ routing
Jun  8 21:30:37 TPServer kernel: [    0.398615] clocksource: Switched to clocksource kvm-clock
Jun  8 21:30:37 TPServer kernel: [    0.409499] VFS: Disk quotas dquot_6.6.0
Jun  8 21:30:37 TPServer kernel: [    0.409515] VFS: Dquot-cache hash table entries: 512 (order 0, 4096 bytes)
Jun  8 21:30:37 TPServer kernel: [    0.409647] AppArmor: AppArmor Filesystem Enabled
Jun  8 21:30:37 TPServer kernel: [    0.409662] pnp: PnP ACPI init
Jun  8 21:30:37 TPServer kernel: [    0.410275] pnp: PnP ACPI: found 2 devices
Jun  8 21:30:37 TPServer kernel: [    0.418116] clocksource: acpi_pm: mask: 0xffffff max_cycles: 0xffffff, max_idle_ns: 2085701024 ns
Jun  8 21:30:37 TPServer kernel: [    0.418170] NET: Registered protocol family 2
Jun  8 21:30:37 TPServer kernel: [    0.418283] IP idents hash table entries: 131072 (order: 8, 1048576 bytes, linear)
Jun  8 21:30:37 TPServer kernel: [    0.419316] tcp_listen_portaddr_hash hash table entries: 4096 (order: 4, 65536 bytes, linear)
Jun  8 21:30:37 TPServer kernel: [    0.419369] TCP established hash table entries: 65536 (order: 7, 524288 bytes, linear)
Jun  8 21:30:37 TPServer kernel: [    0.419460] TCP bind hash table entries: 65536 (order: 8, 1048576 bytes, linear)
Jun  8 21:30:37 TPServer kernel: [    0.419501] TCP: Hash tables configured (established 65536 bind 65536)
Jun  8 21:30:37 TPServer kernel: [    0.419877] UDP hash table entries: 4096 (order: 5, 131072 bytes, linear)
Jun  8 21:30:37 TPServer kernel: [    0.419895] UDP-Lite hash table entries: 4096 (order: 5, 131072 bytes, linear)
Jun  8 21:30:37 TPServer kernel: [    0.419939] NET: Registered protocol family 1
Jun  8 21:30:37 TPServer kernel: [    0.419944] NET: Registered protocol family 44
Jun  8 21:30:37 TPServer kernel: [    0.419951] pci_bus 0000:00: resource 4 [io  0x0000-0x0cf7 window]
Jun  8 21:30:37 TPServer kernel: [    0.419953] pci_bus 0000:00: resource 5 [io  0x0d00-0xffff window]
Jun  8 21:30:37 TPServer kernel: [    0.419954] pci_bus 0000:00: resource 6 [mem 0x000a0000-0x000bffff window]
Jun  8 21:30:37 TPServer kernel: [    0.419955] pci_bus 0000:00: resource 7 [mem 0xe0000000-0xfdffffff window]
Jun  8 21:30:37 TPServer kernel: [    0.419985] pci 0000:00:00.0: Limiting direct PCI/PCI transfers
Jun  8 21:30:37 TPServer kernel: [    0.419994] pci 0000:00:01.0: Activating ISA DMA hang workarounds
Jun  8 21:30:37 TPServer kernel: [    0.420025] pci 0000:00:02.0: Video device with shadowed ROM at [mem 0x000c0000-0x000dffff]
Jun  8 21:30:37 TPServer kernel: [    0.421073] PCI: CLS 0 bytes, default 64
Jun  8 21:30:37 TPServer kernel: [    0.421110] Trying to unpack rootfs image as initramfs...
Jun  8 21:30:37 TPServer kernel: [    0.673834] Freeing initrd memory: 28540K
Jun  8 21:30:37 TPServer kernel: [    0.673917] PCI-DMA: Using software bounce buffering for IO (SWIOTLB)
Jun  8 21:30:37 TPServer kernel: [    0.673919] software IO TLB: mapped [mem 0x00000000dbff0000-0x00000000dfff0000] (64MB)
Jun  8 21:30:37 TPServer kernel: [    0.673953] clocksource: tsc: mask: 0xffffffffffffffff max_cycles: 0x6a7763b2526, max_idle_ns: 881590616402 ns
Jun  8 21:30:37 TPServer kernel: [    0.674002] clocksource: Switched to clocksource tsc
Jun  8 21:30:37 TPServer kernel: [    0.674039] platform rtc_cmos: registered platform RTC device (no PNP device found)
Jun  8 21:30:37 TPServer kernel: [    0.674401] Initialise system trusted keyrings
Jun  8 21:30:37 TPServer kernel: [    0.674424] Key type blacklist registered
Jun  8 21:30:37 TPServer kernel: [    0.674509] workingset: timestamp_bits=36 max_order=21 bucket_order=0
Jun  8 21:30:37 TPServer kernel: [    0.675706] zbud: loaded
Jun  8 21:30:37 TPServer kernel: [    0.675936] integrity: Platform Keyring initialized
Jun  8 21:30:37 TPServer kernel: [    0.675939] Key type asymmetric registered
Jun  8 21:30:37 TPServer kernel: [    0.675940] Asymmetric key parser 'x509' registered
Jun  8 21:30:37 TPServer kernel: [    0.675948] Block layer SCSI generic (bsg) driver version 0.4 loaded (major 251)
Jun  8 21:30:37 TPServer kernel: [    0.676019] io scheduler mq-deadline registered
Jun  8 21:30:37 TPServer kernel: [    0.676475] shpchp: Standard Hot Plug PCI Controller Driver version: 0.4
Jun  8 21:30:37 TPServer kernel: [    0.676844] Serial: 8250/16550 driver, 4 ports, IRQ sharing enabled
Jun  8 21:30:37 TPServer kernel: [    0.677284] Linux agpgart interface v0.103
Jun  8 21:30:37 TPServer kernel: [    0.677352] AMD-Vi: AMD IOMMUv2 functionality not available on this system - This is not a bug.
Jun  8 21:30:37 TPServer kernel: [    0.677708] i8042: PNP: PS/2 Controller [PNP0303:PS2K,PNP0f03:PS2M] at 0x60,0x64 irq 1,12
Jun  8 21:30:37 TPServer kernel: [    0.678148] serio: i8042 KBD port at 0x60,0x64 irq 1
Jun  8 21:30:37 TPServer kernel: [    0.678153] serio: i8042 AUX port at 0x60,0x64 irq 12
Jun  8 21:30:37 TPServer kernel: [    0.678340] mousedev: PS/2 mouse device common for all mice
Jun  8 21:30:37 TPServer kernel: [    0.678737] input: AT Translated Set 2 keyboard as /devices/platform/i8042/serio0/input/input0
Jun  8 21:30:37 TPServer kernel: [    0.679044] rtc_cmos rtc_cmos: registered as rtc0
Jun  8 21:30:37 TPServer kernel: [    0.679099] rtc_cmos rtc_cmos: setting system clock to 2025-06-09T00:28:06 UTC (1749428886)
Jun  8 21:30:37 TPServer kernel: [    0.679167] rtc_cmos rtc_cmos: alarms up to one day, 114 bytes nvram
Jun  8 21:30:37 TPServer kernel: [    0.679288] ledtrig-cpu: registered to indicate activity on CPUs
Jun  8 21:30:37 TPServer kernel: [    0.679497] NET: Registered protocol family 10
Jun  8 21:30:37 TPServer kernel: [    0.685545] Segment Routing with IPv6
Jun  8 21:30:37 TPServer kernel: [    0.685563] mip6: Mobile IPv6
Jun  8 21:30:37 TPServer kernel: [    0.685566] NET: Registered protocol family 17
Jun  8 21:30:37 TPServer kernel: [    0.685631] mpls_gso: MPLS GSO support
Jun  8 21:30:37 TPServer kernel: [    0.685810] IPI shorthand broadcast: enabled
Jun  8 21:30:37 TPServer kernel: [    0.685822] sched_clock: Marking stable (678876958, 6910304)->(727394447, -41607185)
Jun  8 21:30:37 TPServer kernel: [    0.685927] registered taskstats version 1
Jun  8 21:30:37 TPServer kernel: [    0.685930] Loading compiled-in X.509 certificates
Jun  8 21:30:37 TPServer kernel: [    0.701507] Loaded X.509 cert 'Debian Secure Boot CA: 6ccece7e4c6c0d1f6149f3dd27dfcc5cbb419ea1'
Jun  8 21:30:37 TPServer kernel: [    0.701522] Loaded X.509 cert 'Debian Secure Boot Signer 2022 - linux: 14011249c2675ea8e5148542202005810584b25f'
Jun  8 21:30:37 TPServer kernel: [    0.701541] zswap: loaded using pool lzo/zbud
Jun  8 21:30:37 TPServer kernel: [    0.701772] Key type .fscrypt registered
Jun  8 21:30:37 TPServer kernel: [    0.701774] Key type fscrypt-provisioning registered
Jun  8 21:30:37 TPServer kernel: [    0.701802] AppArmor: AppArmor sha1 policy hashing enabled
Jun  8 21:30:37 TPServer kernel: [    0.701923] clk: Disabling unused clocks
Jun  8 21:30:37 TPServer kernel: [    0.703287] Freeing unused decrypted memory: 2036K
Jun  8 21:30:37 TPServer kernel: [    0.703701] Freeing unused kernel image (initmem) memory: 2680K
Jun  8 21:30:37 TPServer kernel: [    0.735043] Write protecting the kernel read-only data: 22528k
Jun  8 21:30:37 TPServer kernel: [    0.735630] Freeing unused kernel image (text/rodata gap) memory: 2040K
Jun  8 21:30:37 TPServer kernel: [    0.735786] Freeing unused kernel image (rodata/data gap) memory: 548K
Jun  8 21:30:37 TPServer kernel: [    0.774151] x86/mm: Checked W+X mappings: passed, no W+X pages found.
Jun  8 21:30:37 TPServer kernel: [    0.774158] Run /init as init process
Jun  8 21:30:37 TPServer kernel: [    0.816160] ACPI: Video Device [GFX0] (multi-head: yes  rom: no  post: no)
Jun  8 21:30:37 TPServer kernel: [    0.816236] input: Video Bus as /devices/LNXSYSTM:00/LNXSYBUS:00/PNP0A03:00/LNXVIDEO:00/input/input2
Jun  8 21:30:37 TPServer kernel: [    0.820813] piix4_smbus 0000:00:07.0: SMBus Host Controller at 0x4100, revision 0
Jun  8 21:30:37 TPServer kernel: [    0.822235] e1000: Intel(R) PRO/1000 Network Driver
Jun  8 21:30:37 TPServer kernel: [    0.822236] e1000: Copyright (c) 1999-2006 Intel Corporation.
Jun  8 21:30:37 TPServer kernel: [    0.825801] SCSI subsystem initialized
Jun  8 21:30:37 TPServer kernel: [    0.830822] ACPI: bus type USB registered
Jun  8 21:30:37 TPServer kernel: [    0.830844] usbcore: registered new interface driver usbfs
Jun  8 21:30:37 TPServer kernel: [    0.830853] usbcore: registered new interface driver hub
Jun  8 21:30:37 TPServer kernel: [    0.830864] usbcore: registered new device driver usb
Jun  8 21:30:37 TPServer kernel: [    0.838562] scsi host0: ata_piix
Jun  8 21:30:37 TPServer kernel: [    0.838564] ehci_hcd: USB 2.0 'Enhanced' Host Controller (EHCI) Driver
Jun  8 21:30:37 TPServer kernel: [    0.839289] scsi host1: ata_piix
Jun  8 21:30:37 TPServer kernel: [    0.839334] ata1: PATA max UDMA/33 cmd 0x1f0 ctl 0x3f6 bmdma 0xd000 irq 14
Jun  8 21:30:37 TPServer kernel: [    0.839335] ata2: PATA max UDMA/33 cmd 0x170 ctl 0x376 bmdma 0xd008 irq 15
Jun  8 21:30:37 TPServer kernel: [    0.840354] ohci_hcd: USB 1.1 'Open' Host Controller (OHCI) Driver
Jun  8 21:30:37 TPServer kernel: [    1.019611] ehci-pci: EHCI PCI platform driver
Jun  8 21:30:37 TPServer kernel: [    1.020163] ohci-pci: OHCI PCI platform driver
Jun  8 21:30:37 TPServer kernel: [    1.020732] ohci-pci 0000:00:06.0: OHCI PCI host controller
Jun  8 21:30:37 TPServer kernel: [    1.020739] ohci-pci 0000:00:06.0: new USB bus registered, assigned bus number 1
Jun  8 21:30:37 TPServer kernel: [    1.020812] ohci-pci 0000:00:06.0: irq 22, io mem 0xf0804000
Jun  8 21:30:37 TPServer kernel: [    1.021667] ahci 0000:00:0d.0: SSS flag set, parallel bus scan disabled
Jun  8 21:30:37 TPServer kernel: [    1.021793] ahci 0000:00:0d.0: AHCI 0001.0100 32 slots 3 ports 3 Gbps 0x7 impl SATA mode
Jun  8 21:30:37 TPServer kernel: [    1.021795] ahci 0000:00:0d.0: flags: 64bit ncq stag only ccc 
Jun  8 21:30:37 TPServer kernel: [    1.022762] scsi host2: ahci
Jun  8 21:30:37 TPServer kernel: [    1.023312] scsi host3: ahci
Jun  8 21:30:37 TPServer kernel: [    1.023577] scsi host4: ahci
Jun  8 21:30:37 TPServer kernel: [    1.023638] ata3: SATA max UDMA/133 abar m8192@0xf0806000 port 0xf0806100 irq 21
Jun  8 21:30:37 TPServer kernel: [    1.023642] ata4: SATA max UDMA/133 abar m8192@0xf0806000 port 0xf0806180 irq 21
Jun  8 21:30:37 TPServer kernel: [    1.023646] ata5: SATA max UDMA/133 abar m8192@0xf0806000 port 0xf0806200 irq 21
Jun  8 21:30:37 TPServer kernel: [    1.043131] input: ImExPS/2 Generic Explorer Mouse as /devices/platform/i8042/serio1/input/input3
Jun  8 21:30:37 TPServer kernel: [    1.079412] usb usb1: New USB device found, idVendor=1d6b, idProduct=0001, bcdDevice= 5.10
Jun  8 21:30:37 TPServer kernel: [    1.079416] usb usb1: New USB device strings: Mfr=3, Product=2, SerialNumber=1
Jun  8 21:30:37 TPServer kernel: [    1.079417] usb usb1: Product: OHCI PCI host controller
Jun  8 21:30:37 TPServer kernel: [    1.079418] usb usb1: Manufacturer: Linux 5.10.0-35-amd64 ohci_hcd
Jun  8 21:30:37 TPServer kernel: [    1.079420] usb usb1: SerialNumber: 0000:00:06.0
Jun  8 21:30:37 TPServer kernel: [    1.079626] hub 1-0:1.0: USB hub found
Jun  8 21:30:37 TPServer kernel: [    1.079658] hub 1-0:1.0: 12 ports detected
Jun  8 21:30:37 TPServer kernel: [    1.174025] e1000 0000:00:03.0 eth0: (PCI:33MHz:32-bit) 08:00:27:97:d6:72
Jun  8 21:30:37 TPServer kernel: [    1.174035] e1000 0000:00:03.0 eth0: Intel(R) PRO/1000 Network Connection
Jun  8 21:30:37 TPServer kernel: [    1.345687] ata3: SATA link up 3.0 Gbps (SStatus 123 SControl 300)
Jun  8 21:30:37 TPServer kernel: [    1.345784] ata3.00: ATA-6: VBOX HARDDISK, 1.0, max UDMA/133
Jun  8 21:30:37 TPServer kernel: [    1.345786] ata3.00: 20971520 sectors, multi 128: LBA48 NCQ (depth 32)
Jun  8 21:30:37 TPServer kernel: [    1.345944] ata3.00: configured for UDMA/133
Jun  8 21:30:37 TPServer kernel: [    1.346147] scsi 2:0:0:0: Direct-Access     ATA      VBOX HARDDISK    1.0  PQ: 0 ANSI: 5
Jun  8 21:30:37 TPServer kernel: [    1.386901] usb 1-1: new full-speed USB device number 2 using ohci-pci
Jun  8 21:30:37 TPServer kernel: [    2.257227] ata4: SATA link up 3.0 Gbps (SStatus 123 SControl 300)
Jun  8 21:30:37 TPServer kernel: [    2.257318] ata4.00: ATA-6: VBOX HARDDISK, 1.0, max UDMA/133
Jun  8 21:30:37 TPServer kernel: [    2.257320] ata4.00: 16777216 sectors, multi 128: LBA48 NCQ (depth 32)
Jun  8 21:30:37 TPServer kernel: [    2.257468] ata4.00: configured for UDMA/133
Jun  8 21:30:37 TPServer kernel: [    2.257644] scsi 3:0:0:0: Direct-Access     ATA      VBOX HARDDISK    1.0  PQ: 0 ANSI: 5
Jun  8 21:30:37 TPServer kernel: [    2.288046] usb 1-1: New USB device found, idVendor=80ee, idProduct=0021, bcdDevice= 1.00
Jun  8 21:30:37 TPServer kernel: [    2.288049] usb 1-1: New USB device strings: Mfr=1, Product=3, SerialNumber=0
Jun  8 21:30:37 TPServer kernel: [    2.288051] usb 1-1: Product: USB Tablet
Jun  8 21:30:37 TPServer kernel: [    2.288053] usb 1-1: Manufacturer: VirtualBox
Jun  8 21:30:37 TPServer kernel: [    5.793317] clocksource: Long readout interval, skipping watchdog check: cs_nsec: 3646174794 wd_nsec: 3646173268
Jun  8 21:30:37 TPServer kernel: [    5.899300] ata5: SATA link up 3.0 Gbps (SStatus 123 SControl 300)
Jun  8 21:30:37 TPServer kernel: [    5.899402] ata5.00: ATA-6: VBOX HARDDISK, 1.0, max UDMA/133
Jun  8 21:30:37 TPServer kernel: [    5.899404] ata5.00: 20971520 sectors, multi 128: LBA48 NCQ (depth 32)
Jun  8 21:30:37 TPServer kernel: [    5.899556] ata5.00: configured for UDMA/133
Jun  8 21:30:37 TPServer kernel: [    5.899741] scsi 4:0:0:0: Direct-Access     ATA      VBOX HARDDISK    1.0  PQ: 0 ANSI: 5
Jun  8 21:30:37 TPServer kernel: [    5.901557] e1000 0000:00:03.0 enp0s3: renamed from eth0
Jun  8 21:30:37 TPServer kernel: [    5.906063] sd 3:0:0:0: [sdb] 16777216 512-byte logical blocks: (8.59 GB/8.00 GiB)
Jun  8 21:30:37 TPServer kernel: [    5.906073] sd 3:0:0:0: [sdb] Write Protect is off
Jun  8 21:30:37 TPServer kernel: [    5.906090] sd 3:0:0:0: [sdb] Write cache: enabled, read cache: enabled, doesn't support DPO or FUA
Jun  8 21:30:37 TPServer kernel: [    5.906096] sd 2:0:0:0: [sda] 20971520 512-byte logical blocks: (10.7 GB/10.0 GiB)
Jun  8 21:30:37 TPServer kernel: [    5.906108] sd 2:0:0:0: [sda] Write Protect is off
Jun  8 21:30:37 TPServer kernel: [    5.906121] sdb: detected capacity change from 0 to 8589934592
Jun  8 21:30:37 TPServer kernel: [    5.906131] sd 2:0:0:0: [sda] Write cache: enabled, read cache: enabled, doesn't support DPO or FUA
Jun  8 21:30:37 TPServer kernel: [    5.906170] sda: detected capacity change from 0 to 10737418240
Jun  8 21:30:37 TPServer kernel: [    5.906303] sd 4:0:0:0: [sdc] 20971520 512-byte logical blocks: (10.7 GB/10.0 GiB)
Jun  8 21:30:37 TPServer kernel: [    5.906329] sd 4:0:0:0: [sdc] Write Protect is off
Jun  8 21:30:37 TPServer kernel: [    5.906437] sd 4:0:0:0: [sdc] Write cache: enabled, read cache: enabled, doesn't support DPO or FUA
Jun  8 21:30:37 TPServer kernel: [    5.906457] sdc: detected capacity change from 0 to 10737418240
Jun  8 21:30:37 TPServer kernel: [    5.907169] hid: raw HID events driver (C) Jiri Kosina
Jun  8 21:30:37 TPServer kernel: [    5.923456] sdb: detected capacity change from 0 to 8589934592
Jun  8 21:30:37 TPServer kernel: [    5.923462] sda: detected capacity change from 0 to 10737418240
Jun  8 21:30:37 TPServer kernel: [    5.923795] sdc: detected capacity change from 0 to 10737418240
Jun  8 21:30:37 TPServer kernel: [    5.924045]  sdb: sdb1
Jun  8 21:30:37 TPServer kernel: [    5.924977]  sdc: sdc1 sdc2
Jun  8 21:30:37 TPServer kernel: [    5.925385]  sda: sda1 sda2 < sda5 >
Jun  8 21:30:37 TPServer kernel: [    5.943399] sda: detected capacity change from 0 to 10737418240
Jun  8 21:30:37 TPServer kernel: [    5.943404] sd 2:0:0:0: [sda] Attached SCSI disk
Jun  8 21:30:37 TPServer kernel: [    5.951280] sd 4:0:0:0: [sdc] Attached SCSI disk
Jun  8 21:30:37 TPServer kernel: [    5.955223] sdb: detected capacity change from 0 to 8589934592
Jun  8 21:30:37 TPServer kernel: [    5.955227] sd 3:0:0:0: [sdb] Attached SCSI disk
Jun  8 21:30:37 TPServer kernel: [    5.966108] usbcore: registered new interface driver usbhid
Jun  8 21:30:37 TPServer kernel: [    5.966109] usbhid: USB HID core driver
Jun  8 21:30:37 TPServer kernel: [    5.967353] input: VirtualBox USB Tablet as /devices/pci0000:00/0000:00:06.0/usb1/1-1/1-1:1.0/0003:80EE:0021.0001/input/input4
Jun  8 21:30:37 TPServer kernel: [    5.967471] hid-generic 0003:80EE:0021.0001: input,hidraw0: USB HID v1.10 Mouse [VirtualBox USB Tablet] on usb-0000:00:06.0-1/input0
Jun  8 21:30:37 TPServer kernel: [    6.232113] EXT4-fs (sda1): mounted filesystem with ordered data mode. Opts: (null)
Jun  8 21:30:37 TPServer kernel: [    6.273302] Not activating Mandatory Access Control as /sbin/tomoyo-init does not exist.
Jun  8 21:30:37 TPServer kernel: [    6.722790] fuse: init (API version 7.32)
Jun  8 21:30:37 TPServer kernel: [    6.732157] EXT4-fs (sda1): re-mounted. Opts: errors=remount-ro
Jun  8 21:30:37 TPServer kernel: [    6.746118] ACPI: bus type drm_connector registered
Jun  8 21:30:37 TPServer kernel: [    6.978412] ACPI: AC Adapter [AC] (on-line)
Jun  8 21:30:37 TPServer kernel: [    6.980650] input: Power Button as /devices/LNXSYSTM:00/LNXPWRBN:00/input/input5
Jun  8 21:30:37 TPServer kernel: [    6.992260] input: PC Speaker as /devices/platform/pcspkr/input/input6
Jun  8 21:30:37 TPServer kernel: [    6.995680] ACPI: Power Button [PWRF]
Jun  8 21:30:37 TPServer kernel: [    6.995763] input: Sleep Button as /devices/LNXSYSTM:00/LNXSLPBN:00/input/input7
Jun  8 21:30:37 TPServer kernel: [    6.995891] ACPI: Sleep Button [SLPF]
Jun  8 21:30:37 TPServer kernel: [    7.005031] RAPL PMU: API unit is 2^-32 Joules, 1 fixed counters, 163840 ms ovfl timer
Jun  8 21:30:37 TPServer kernel: [    7.005033] RAPL PMU: hw unit of domain package 2^-16 Joules
Jun  8 21:30:37 TPServer kernel: [    7.033411] pmd_set_huge: Cannot satisfy [mem 0xf0400000-0xf0600000] with a huge-page mapping due to MTRR override.
Jun  8 21:30:37 TPServer kernel: [    7.033712] vboxguest: host-version: 7.1.6r167084 0x8000000f
Jun  8 21:30:37 TPServer kernel: [    7.034006] sd 2:0:0:0: Attached scsi generic sg0 type 0
Jun  8 21:30:37 TPServer kernel: [    7.034044] sd 3:0:0:0: Attached scsi generic sg1 type 0
Jun  8 21:30:37 TPServer kernel: [    7.034078] sd 4:0:0:0: Attached scsi generic sg2 type 0
Jun  8 21:30:37 TPServer kernel: [    7.034318] vbg_heartbeat_init: Setting up heartbeat to trigger every 2000 milliseconds
Jun  8 21:30:37 TPServer kernel: [    7.034428] input: VirtualBox mouse integration as /devices/pci0000:00/0000:00:04.0/input/input8
Jun  8 21:30:37 TPServer kernel: [    7.039293] vboxguest: misc device minor 61, IRQ 20, I/O port d040, MMIO at 0x00000000f0400000 (size 0x0000000000400000)
Jun  8 21:30:37 TPServer kernel: [    7.047926] cryptd: max_cpu_qlen set to 1000
Jun  8 21:30:37 TPServer kernel: [    7.065399] AVX2 version of gcm_enc/dec engaged.
Jun  8 21:30:37 TPServer kernel: [    7.065400] AES CTR mode by8 optimization enabled
Jun  8 21:30:37 TPServer kernel: [    7.112340] [drm] DMA map mode: Caching DMA mappings.
Jun  8 21:30:37 TPServer kernel: [    7.112380] [drm] Capabilities:
Jun  8 21:30:37 TPServer kernel: [    7.112381] [drm]   Rect copy.
Jun  8 21:30:37 TPServer kernel: [    7.112382] [drm]   Cursor.
Jun  8 21:30:37 TPServer kernel: [    7.112382] [drm]   Cursor bypass.
Jun  8 21:30:37 TPServer kernel: [    7.112383] [drm]   Cursor bypass 2.
Jun  8 21:30:37 TPServer kernel: [    7.112383] [drm]   Alpha cursor.
Jun  8 21:30:37 TPServer kernel: [    7.112384] [drm]   Extended Fifo.
Jun  8 21:30:37 TPServer kernel: [    7.112384] [drm]   Pitchlock.
Jun  8 21:30:37 TPServer kernel: [    7.112385] [drm]   Irq mask.
Jun  8 21:30:37 TPServer kernel: [    7.112386] [drm]   GMR.
Jun  8 21:30:37 TPServer kernel: [    7.112386] [drm]   Traces.
Jun  8 21:30:37 TPServer kernel: [    7.112387] [drm]   GMR2.
Jun  8 21:30:37 TPServer kernel: [    7.112387] [drm]   Screen Object 2.
Jun  8 21:30:37 TPServer kernel: [    7.112388] [drm]   Command Buffers.
Jun  8 21:30:37 TPServer kernel: [    7.112388] [drm]   Guest Backed Resources.
Jun  8 21:30:37 TPServer kernel: [    7.112389] [drm] Max GMR ids is 8192
Jun  8 21:30:37 TPServer kernel: [    7.112390] [drm] Max number of GMR pages is 1048576
Jun  8 21:30:37 TPServer kernel: [    7.112391] [drm] Max dedicated hypervisor surface memory is 507904 kiB
Jun  8 21:30:37 TPServer kernel: [    7.112391] [drm] Maximum display memory size is 16384 kiB
Jun  8 21:30:37 TPServer kernel: [    7.112392] [drm] VRAM at 0xe0000000 size is 16384 kiB
Jun  8 21:30:37 TPServer kernel: [    7.112393] [drm] MMIO at 0xf0000000 size is 2048 kiB
Jun  8 21:30:37 TPServer kernel: [    7.112602] [TTM] Zone  kernel: Available graphics memory: 4067826 KiB
Jun  8 21:30:37 TPServer kernel: [    7.112604] [TTM] Zone   dma32: Available graphics memory: 2097152 KiB
Jun  8 21:30:37 TPServer kernel: [    7.112605] [TTM] Initializing pool allocator
Jun  8 21:30:37 TPServer kernel: [    7.112608] [TTM] Initializing DMA pool allocator
Jun  8 21:30:37 TPServer kernel: [    7.113193] [drm] Screen Target Display device initialized
Jun  8 21:30:37 TPServer kernel: [    7.113286] [drm] width 720
Jun  8 21:30:37 TPServer kernel: [    7.113292] [drm] height 400
Jun  8 21:30:37 TPServer kernel: [    7.113295] [drm] bpp 32
Jun  8 21:30:37 TPServer kernel: [    7.113446] [drm] Fifo max 0x00200000 min 0x00001000 cap 0x00000355
Jun  8 21:30:37 TPServer kernel: [    7.114015] [drm] Using command buffers with DMA pool.
Jun  8 21:30:37 TPServer kernel: [    7.114021] [drm] Atomic: yes.
Jun  8 21:30:37 TPServer kernel: [    7.116973] fbcon: svgadrmfb (fb0) is primary device
Jun  8 21:30:37 TPServer kernel: [    7.118616] Console: switching to colour frame buffer device 100x37
Jun  8 21:30:37 TPServer kernel: [    7.122261] [drm] Initialized vmwgfx 2.18.0 20200114 for 0000:00:02.0 on minor 0
Jun  8 21:30:37 TPServer kernel: [    7.167928] EXT4-fs (sdb1): mounted filesystem with ordered data mode. Opts: (null)
Jun  8 21:30:37 TPServer kernel: [    7.175235] Adding 2095100k swap on /dev/sda5.  Priority:-2 extents:1 across:2095100k FS
Jun  8 21:30:37 TPServer kernel: [    7.369007] snd_intel8x0 0000:00:05.0: allow list rate for 1028:0177 is 48000
Jun  8 21:30:37 TPServer kernel: [    7.446523] EXT4-fs (sdc2): mounted filesystem with ordered data mode. Opts: (null)
Jun  8 21:30:37 TPServer kernel: [    7.457643] EXT4-fs (sdc1): mounted filesystem with ordered data mode. Opts: (null)
Jun  8 21:30:37 TPServer kernel: [    7.517266] audit: type=1400 audit(1749428893.332:2): apparmor="STATUS" operation="profile_load" profile="unconfined" name="nvidia_modprobe" pid=426 comm="apparmor_parser"
Jun  8 21:30:37 TPServer kernel: [    7.517271] audit: type=1400 audit(1749428893.332:3): apparmor="STATUS" operation="profile_load" profile="unconfined" name="nvidia_modprobe//kmod" pid=426 comm="apparmor_parser"
Jun  8 21:30:37 TPServer kernel: [    7.518247] audit: type=1400 audit(1749428893.332:4): apparmor="STATUS" operation="profile_load" profile="unconfined" name="lsb_release" pid=429 comm="apparmor_parser"
Jun  8 21:30:37 TPServer kernel: [    7.518982] audit: type=1400 audit(1749428893.332:5): apparmor="STATUS" operation="profile_load" profile="unconfined" name="/usr/bin/man" pid=428 comm="apparmor_parser"
Jun  8 21:30:37 TPServer kernel: [    7.518985] audit: type=1400 audit(1749428893.336:6): apparmor="STATUS" operation="profile_load" profile="unconfined" name="man_filter" pid=428 comm="apparmor_parser"
Jun  8 21:30:37 TPServer kernel: [    7.518988] audit: type=1400 audit(1749428893.336:7): apparmor="STATUS" operation="profile_load" profile="unconfined" name="man_groff" pid=428 comm="apparmor_parser"
Jun  8 21:30:37 TPServer kernel: [    7.607388] e1000: enp0s3 NIC Link is Up 1000 Mbps Full Duplex, Flow Control: RX
Jun  8 21:30:37 TPServer kernel: [    7.607415] IPv6: ADDRCONF(NETDEV_CHANGE): enp0s3: link becomes ready
Jun  8 21:46:10 TPServer kernel: [  923.712920] clocksource: Long readout interval, skipping watchdog check: cs_nsec: 22998062306 wd_nsec: 22998052725
Jun  8 22:10:18 TPServer kernel: [ 2371.740208] device-mapper: uevent: version 1.0.3
Jun  8 22:10:18 TPServer kernel: [ 2371.740307] device-mapper: ioctl: 4.43.0-ioctl (2020-10-01) initialised: dm-devel@redhat.com
Jun  8 22:10:19 TPServer kernel: [ 2373.191720] SGI XFS with ACLs, security attributes, realtime, quota, no debug enabled
Jun  8 22:10:19 TPServer kernel: [ 2373.206369] JFS: nTxBlock = 8192, nTxLock = 65536
Jun  8 22:10:19 TPServer kernel: [ 2373.249252] QNX4 filesystem 0.2.3 registered.
Jun  8 22:10:19 TPServer kernel: [ 2373.333099] raid6: avx2x4   gen() 32114 MB/s
Jun  8 22:10:19 TPServer kernel: [ 2373.399494] raid6: avx2x4   xor()  5055 MB/s
Jun  8 22:10:19 TPServer kernel: [ 2373.467655] raid6: avx2x2   gen() 29768 MB/s
Jun  8 22:10:20 TPServer kernel: [ 2373.535255] raid6: avx2x2   xor() 38731 MB/s
Jun  8 22:10:20 TPServer kernel: [ 2373.603364] raid6: avx2x1   gen() 24707 MB/s
Jun  8 22:10:20 TPServer kernel: [ 2373.671490] raid6: avx2x1   xor() 33597 MB/s
Jun  8 22:10:20 TPServer kernel: [ 2373.739600] raid6: sse2x4   gen() 25087 MB/s
Jun  8 22:10:20 TPServer kernel: [ 2373.807699] raid6: sse2x4   xor()  2966 MB/s
Jun  8 22:10:20 TPServer kernel: [ 2373.875290] raid6: sse2x2   gen() 21229 MB/s
Jun  8 22:10:20 TPServer kernel: [ 2373.943396] raid6: sse2x2   xor() 21167 MB/s
Jun  8 22:10:20 TPServer kernel: [ 2374.012017] raid6: sse2x1   gen()   995 MB/s
Jun  8 22:10:20 TPServer kernel: [ 2374.079612] raid6: sse2x1   xor() 18353 MB/s
Jun  8 22:10:20 TPServer kernel: [ 2374.079615] raid6: using algorithm avx2x4 gen() 32114 MB/s
Jun  8 22:10:20 TPServer kernel: [ 2374.079615] raid6: .... xor() 5055 MB/s, rmw enabled
Jun  8 22:10:20 TPServer kernel: [ 2374.079617] raid6: using avx2x2 recovery algorithm
Jun  8 22:10:20 TPServer kernel: [ 2374.082949] xor: automatically using best checksumming function   avx       
Jun  8 22:10:20 TPServer kernel: [ 2374.138413] Btrfs loaded, crc32c=crc32c-intel
Jun  8 22:10:20 TPServer os-prober: debug: running /usr/lib/os-probes/50mounted-tests on /dev/sda2
Jun  8 22:10:20 TPServer 50mounted-tests: debug: /dev/sda2 type not recognised; skipping
Jun  8 22:10:20 TPServer os-prober: debug: os detected by /usr/lib/os-probes/50mounted-tests
Jun  8 22:10:20 TPServer os-prober: debug: /dev/sda5: is active swap
Jun  8 22:10:20 TPServer os-prober: debug: running /usr/lib/os-probes/mounted/05efi on mounted /dev/sdb1
Jun  8 22:10:20 TPServer 05efi: debug: Not on UEFI platform
Jun  8 22:10:20 TPServer os-prober: debug: running /usr/lib/os-probes/mounted/10freedos on mounted /dev/sdb1
Jun  8 22:10:20 TPServer 10freedos: debug: /dev/sdb1 is not a FAT partition: exiting
Jun  8 22:10:20 TPServer os-prober: debug: running /usr/lib/os-probes/mounted/10qnx on mounted /dev/sdb1
Jun  8 22:10:20 TPServer 10qnx: debug: /dev/sdb1 is not a QNX4 partition: exiting
Jun  8 22:10:20 TPServer os-prober: debug: running /usr/lib/os-probes/mounted/20macosx on mounted /dev/sdb1
Jun  8 22:10:20 TPServer macosx-prober: debug: /dev/sdb1 is not an HFS+ partition: exiting
Jun  8 22:10:20 TPServer os-prober: debug: running /usr/lib/os-probes/mounted/20microsoft on mounted /dev/sdb1
Jun  8 22:10:20 TPServer 20microsoft: debug: /dev/sdb1 is not a MS partition: exiting
Jun  8 22:10:20 TPServer os-prober: debug: running /usr/lib/os-probes/mounted/30utility on mounted /dev/sdb1
Jun  8 22:10:20 TPServer 30utility: debug: /dev/sdb1 is not a FAT partition: exiting
Jun  8 22:10:20 TPServer os-prober: debug: running /usr/lib/os-probes/mounted/40lsb on mounted /dev/sdb1
Jun  8 22:10:20 TPServer os-prober: debug: running /usr/lib/os-probes/mounted/70hurd on mounted /dev/sdb1
Jun  8 22:10:20 TPServer os-prober: debug: running /usr/lib/os-probes/mounted/80minix on mounted /dev/sdb1
Jun  8 22:10:20 TPServer os-prober: debug: running /usr/lib/os-probes/mounted/83haiku on mounted /dev/sdb1
Jun  8 22:10:20 TPServer 83haiku: debug: /dev/sdb1 is not a BeFS partition: exiting
Jun  8 22:10:20 TPServer os-prober: debug: running /usr/lib/os-probes/mounted/90linux-distro on mounted /dev/sdb1
Jun  8 22:10:20 TPServer os-prober: debug: running /usr/lib/os-probes/mounted/90solaris on mounted /dev/sdb1
Jun  8 22:10:20 TPServer os-prober: debug: running /usr/lib/os-probes/mounted/05efi on mounted /dev/sdc1
Jun  8 22:10:20 TPServer 05efi: debug: Not on UEFI platform
Jun  8 22:10:20 TPServer os-prober: debug: running /usr/lib/os-probes/mounted/10freedos on mounted /dev/sdc1
Jun  8 22:10:20 TPServer 10freedos: debug: /dev/sdc1 is not a FAT partition: exiting
Jun  8 22:10:20 TPServer os-prober: debug: running /usr/lib/os-probes/mounted/10qnx on mounted /dev/sdc1
Jun  8 22:10:20 TPServer 10qnx: debug: /dev/sdc1 is not a QNX4 partition: exiting
Jun  8 22:10:20 TPServer os-prober: debug: running /usr/lib/os-probes/mounted/20macosx on mounted /dev/sdc1
Jun  8 22:10:20 TPServer macosx-prober: debug: /dev/sdc1 is not an HFS+ partition: exiting
Jun  8 22:10:20 TPServer os-prober: debug: running /usr/lib/os-probes/mounted/20microsoft on mounted /dev/sdc1
Jun  8 22:10:20 TPServer 20microsoft: debug: /dev/sdc1 is not a MS partition: exiting
Jun  8 22:10:20 TPServer os-prober: debug: running /usr/lib/os-probes/mounted/30utility on mounted /dev/sdc1
Jun  8 22:10:20 TPServer 30utility: debug: /dev/sdc1 is not a FAT partition: exiting
Jun  8 22:10:20 TPServer os-prober: debug: running /usr/lib/os-probes/mounted/40lsb on mounted /dev/sdc1
Jun  8 22:10:20 TPServer os-prober: debug: running /usr/lib/os-probes/mounted/70hurd on mounted /dev/sdc1
Jun  8 22:10:20 TPServer os-prober: debug: running /usr/lib/os-probes/mounted/80minix on mounted /dev/sdc1
Jun  8 22:10:20 TPServer os-prober: debug: running /usr/lib/os-probes/mounted/83haiku on mounted /dev/sdc1
Jun  8 22:10:20 TPServer 83haiku: debug: /dev/sdc1 is not a BeFS partition: exiting
Jun  8 22:10:20 TPServer os-prober: debug: running /usr/lib/os-probes/mounted/90linux-distro on mounted /dev/sdc1
Jun  8 22:10:20 TPServer os-prober: debug: running /usr/lib/os-probes/mounted/90solaris on mounted /dev/sdc1
Jun  8 22:10:20 TPServer os-prober: debug: running /usr/lib/os-probes/mounted/05efi on mounted /dev/sdc2
Jun  8 22:10:20 TPServer 05efi: debug: Not on UEFI platform
Jun  8 22:10:20 TPServer os-prober: debug: running /usr/lib/os-probes/mounted/10freedos on mounted /dev/sdc2
Jun  8 22:10:20 TPServer 10freedos: debug: /dev/sdc2 is not a FAT partition: exiting
Jun  8 22:10:20 TPServer os-prober: debug: running /usr/lib/os-probes/mounted/10qnx on mounted /dev/sdc2
Jun  8 22:10:20 TPServer 10qnx: debug: /dev/sdc2 is not a QNX4 partition: exiting
Jun  8 22:10:20 TPServer os-prober: debug: running /usr/lib/os-probes/mounted/20macosx on mounted /dev/sdc2
Jun  8 22:10:20 TPServer macosx-prober: debug: /dev/sdc2 is not an HFS+ partition: exiting
Jun  8 22:10:20 TPServer os-prober: debug: running /usr/lib/os-probes/mounted/20microsoft on mounted /dev/sdc2
Jun  8 22:10:20 TPServer 20microsoft: debug: /dev/sdc2 is not a MS partition: exiting
Jun  8 22:10:20 TPServer os-prober: debug: running /usr/lib/os-probes/mounted/30utility on mounted /dev/sdc2
Jun  8 22:10:20 TPServer 30utility: debug: /dev/sdc2 is not a FAT partition: exiting
Jun  8 22:10:20 TPServer os-prober: debug: running /usr/lib/os-probes/mounted/40lsb on mounted /dev/sdc2
Jun  8 22:10:20 TPServer os-prober: debug: running /usr/lib/os-probes/mounted/70hurd on mounted /dev/sdc2
Jun  8 22:10:20 TPServer os-prober: debug: running /usr/lib/os-probes/mounted/80minix on mounted /dev/sdc2
Jun  8 22:10:20 TPServer os-prober: debug: running /usr/lib/os-probes/mounted/83haiku on mounted /dev/sdc2
Jun  8 22:10:20 TPServer 83haiku: debug: /dev/sdc2 is not a BeFS partition: exiting
Jun  8 22:10:20 TPServer os-prober: debug: running /usr/lib/os-probes/mounted/90linux-distro on mounted /dev/sdc2
Jun  8 22:10:20 TPServer os-prober: debug: running /usr/lib/os-probes/mounted/90solaris on mounted /dev/sdc2
Jun  8 22:23:01 TPServer kernel: [    0.000000] Linux version 5.10.0-35-amd64 (debian-kernel@lists.debian.org) (gcc-10 (Debian 10.2.1-6) 10.2.1 20210110, GNU ld (GNU Binutils for Debian) 2.35.2) #1 SMP Debian 5.10.237-1 (2025-05-19)
Jun  8 22:23:01 TPServer kernel: [    0.000000] Command line: BOOT_IMAGE=/boot/vmlinuz-5.10.0-35-amd64 root=UUID=cd2cb4ca-39bd-4522-919c-e4ceb81b5ae8 ro quiet
Jun  8 22:23:01 TPServer kernel: [    0.000000] [Firmware Bug]: TSC doesn't count with P0 frequency!
Jun  8 22:23:01 TPServer kernel: [    0.000000] BIOS-provided physical RAM map:
Jun  8 22:23:01 TPServer kernel: [    0.000000] BIOS-e820: [mem 0x0000000000000000-0x000000000009fbff] usable
Jun  8 22:23:01 TPServer kernel: [    0.000000] BIOS-e820: [mem 0x000000000009fc00-0x000000000009ffff] reserved
Jun  8 22:23:01 TPServer kernel: [    0.000000] BIOS-e820: [mem 0x00000000000f0000-0x00000000000fffff] reserved
Jun  8 22:23:01 TPServer kernel: [    0.000000] BIOS-e820: [mem 0x0000000000100000-0x00000000dffeffff] usable
Jun  8 22:23:01 TPServer kernel: [    0.000000] BIOS-e820: [mem 0x00000000dfff0000-0x00000000dfffffff] ACPI data
Jun  8 22:23:01 TPServer kernel: [    0.000000] BIOS-e820: [mem 0x00000000fec00000-0x00000000fec00fff] reserved
Jun  8 22:23:01 TPServer kernel: [    0.000000] BIOS-e820: [mem 0x00000000fee00000-0x00000000fee00fff] reserved
Jun  8 22:23:01 TPServer kernel: [    0.000000] BIOS-e820: [mem 0x00000000fffc0000-0x00000000ffffffff] reserved
Jun  8 22:23:01 TPServer kernel: [    0.000000] BIOS-e820: [mem 0x0000000100000000-0x000000021fffffff] usable
Jun  8 22:23:01 TPServer kernel: [    0.000000] NX (Execute Disable) protection: active
Jun  8 22:23:01 TPServer kernel: [    0.000000] SMBIOS 2.5 present.
Jun  8 22:23:01 TPServer kernel: [    0.000000] DMI: innotek GmbH VirtualBox/VirtualBox, BIOS VirtualBox 12/01/2006
Jun  8 22:23:01 TPServer kernel: [    0.000000] Hypervisor detected: KVM
Jun  8 22:23:01 TPServer kernel: [    0.000000] kvm-clock: Using msrs 4b564d01 and 4b564d00
Jun  8 22:23:01 TPServer kernel: [    0.000000] kvm-clock: cpu 0, msr a4001001, primary cpu clock
Jun  8 22:23:01 TPServer kernel: [    0.000000] kvm-clock: using sched offset of 13609751946 cycles
Jun  8 22:23:01 TPServer kernel: [    0.000002] clocksource: kvm-clock: mask: 0xffffffffffffffff max_cycles: 0x1cd42e4dffb, max_idle_ns: 881590591483 ns
Jun  8 22:23:01 TPServer kernel: [    0.000006] tsc: Detected 3693.052 MHz processor
Jun  8 22:23:01 TPServer kernel: [    0.000728] last_pfn = 0x220000 max_arch_pfn = 0x400000000
Jun  8 22:23:01 TPServer kernel: [    0.000828] x86/PAT: Configuration [0-7]: WB  WC  UC- UC  WB  WP  UC- WT  
Jun  8 22:23:01 TPServer kernel: [    0.000870] last_pfn = 0xdfff0 max_arch_pfn = 0x400000000
Jun  8 22:23:01 TPServer kernel: [    0.004194] found SMP MP-table at [mem 0x0009fbf0-0x0009fbff]
Jun  8 22:23:01 TPServer kernel: [    0.051993] RAMDISK: [mem 0x34831000-0x3640ffff]
Jun  8 22:23:01 TPServer kernel: [    0.051999] ACPI: Early table checksum verification disabled
Jun  8 22:23:01 TPServer kernel: [    0.052004] ACPI: RSDP 0x00000000000E0000 000024 (v02 VBOX  )
Jun  8 22:23:01 TPServer kernel: [    0.052008] ACPI: XSDT 0x00000000DFFF0030 00003C (v01 VBOX   VBOXXSDT 00000001 ASL  00000061)
Jun  8 22:23:01 TPServer kernel: [    0.052012] ACPI: FACP 0x00000000DFFF00F0 0000F4 (v04 VBOX   VBOXFACP 00000001 ASL  00000061)
Jun  8 22:23:01 TPServer kernel: [    0.052016] ACPI: DSDT 0x00000000DFFF0620 002353 (v02 VBOX   VBOXBIOS 00000002 INTL 20100528)
Jun  8 22:23:01 TPServer kernel: [    0.052018] ACPI: FACS 0x00000000DFFF0200 000040
Jun  8 22:23:01 TPServer kernel: [    0.052020] ACPI: FACS 0x00000000DFFF0200 000040
Jun  8 22:23:01 TPServer kernel: [    0.052021] ACPI: APIC 0x00000000DFFF0240 00006C (v02 VBOX   VBOXAPIC 00000001 ASL  00000061)
Jun  8 22:23:01 TPServer kernel: [    0.052023] ACPI: SSDT 0x00000000DFFF02B0 00036C (v01 VBOX   VBOXCPUT 00000002 INTL 20100528)
Jun  8 22:23:01 TPServer kernel: [    0.052025] ACPI: Reserving FACP table memory at [mem 0xdfff00f0-0xdfff01e3]
Jun  8 22:23:01 TPServer kernel: [    0.052026] ACPI: Reserving DSDT table memory at [mem 0xdfff0620-0xdfff2972]
Jun  8 22:23:01 TPServer kernel: [    0.052026] ACPI: Reserving FACS table memory at [mem 0xdfff0200-0xdfff023f]
Jun  8 22:23:01 TPServer kernel: [    0.052027] ACPI: Reserving FACS table memory at [mem 0xdfff0200-0xdfff023f]
Jun  8 22:23:01 TPServer kernel: [    0.052027] ACPI: Reserving APIC table memory at [mem 0xdfff0240-0xdfff02ab]
Jun  8 22:23:01 TPServer kernel: [    0.052028] ACPI: Reserving SSDT table memory at [mem 0xdfff02b0-0xdfff061b]
Jun  8 22:23:01 TPServer kernel: [    0.052157] No NUMA configuration found
Jun  8 22:23:01 TPServer kernel: [    0.052158] Faking a node at [mem 0x0000000000000000-0x000000021fffffff]
Jun  8 22:23:01 TPServer kernel: [    0.052163] NODE_DATA(0) allocated [mem 0x21ffd2000-0x21fffbfff]
Jun  8 22:23:01 TPServer kernel: [    0.052369] Zone ranges:
Jun  8 22:23:01 TPServer kernel: [    0.052370]   DMA      [mem 0x0000000000001000-0x0000000000ffffff]
Jun  8 22:23:01 TPServer kernel: [    0.052372]   DMA32    [mem 0x0000000001000000-0x00000000ffffffff]
Jun  8 22:23:01 TPServer kernel: [    0.052372]   Normal   [mem 0x0000000100000000-0x000000021fffffff]
Jun  8 22:23:01 TPServer kernel: [    0.052373]   Device   empty
Jun  8 22:23:01 TPServer kernel: [    0.052374] Movable zone start for each node
Jun  8 22:23:01 TPServer kernel: [    0.052375] Early memory node ranges
Jun  8 22:23:01 TPServer kernel: [    0.052376]   node   0: [mem 0x0000000000001000-0x000000000009efff]
Jun  8 22:23:01 TPServer kernel: [    0.052377]   node   0: [mem 0x0000000000100000-0x00000000dffeffff]
Jun  8 22:23:01 TPServer kernel: [    0.052377]   node   0: [mem 0x0000000100000000-0x000000021fffffff]
Jun  8 22:23:01 TPServer kernel: [    0.052379] Initmem setup node 0 [mem 0x0000000000001000-0x000000021fffffff]
Jun  8 22:23:01 TPServer kernel: [    0.066464] On node 0, zone DMA: 1 pages in unavailable ranges
Jun  8 22:23:01 TPServer kernel: [    0.066486] On node 0, zone DMA: 97 pages in unavailable ranges
Jun  8 22:23:01 TPServer kernel: [    0.256278] On node 0, zone Normal: 16 pages in unavailable ranges
Jun  8 22:23:01 TPServer kernel: [    0.256524] ACPI: PM-Timer IO Port: 0x4008
Jun  8 22:23:01 TPServer kernel: [    0.256578] IOAPIC[0]: apic_id 4, version 32, address 0xfec00000, GSI 0-23
Jun  8 22:23:01 TPServer kernel: [    0.256581] ACPI: INT_SRC_OVR (bus 0 bus_irq 0 global_irq 2 dfl dfl)
Jun  8 22:23:01 TPServer kernel: [    0.256582] ACPI: INT_SRC_OVR (bus 0 bus_irq 9 global_irq 9 low level)
Jun  8 22:23:01 TPServer kernel: [    0.256586] Using ACPI (MADT) for SMP configuration information
Jun  8 22:23:01 TPServer kernel: [    0.256593] smpboot: Allowing 4 CPUs, 0 hotplug CPUs
Jun  8 22:23:01 TPServer kernel: [    0.256617] PM: hibernation: Registered nosave memory: [mem 0x00000000-0x00000fff]
Jun  8 22:23:01 TPServer kernel: [    0.256618] PM: hibernation: Registered nosave memory: [mem 0x0009f000-0x000fffff]
Jun  8 22:23:01 TPServer kernel: [    0.256619] PM: hibernation: Registered nosave memory: [mem 0xdfff0000-0xffffffff]
Jun  8 22:23:01 TPServer kernel: [    0.256620] [mem 0xe0000000-0xfebfffff] available for PCI devices
Jun  8 22:23:01 TPServer kernel: [    0.256621] Booting paravirtualized kernel on KVM
Jun  8 22:23:01 TPServer kernel: [    0.256624] clocksource: refined-jiffies: mask: 0xffffffff max_cycles: 0xffffffff, max_idle_ns: 7645519600211568 ns
Jun  8 22:23:01 TPServer kernel: [    0.258994] setup_percpu: NR_CPUS:8192 nr_cpumask_bits:4 nr_cpu_ids:4 nr_node_ids:1
Jun  8 22:23:01 TPServer kernel: [    0.259869] percpu: Embedded 63 pages/cpu s221184 r8192 d28672 u524288
Jun  8 22:23:01 TPServer kernel: [    0.259913] kvm-guest: PV spinlocks enabled
Jun  8 22:23:01 TPServer kernel: [    0.259916] PV qspinlock hash table entries: 256 (order: 0, 4096 bytes, linear)
Jun  8 22:23:01 TPServer kernel: [    0.259925] Built 1 zonelists, mobility grouping on.  Total pages: 2064249
Jun  8 22:23:01 TPServer kernel: [    0.259926] Policy zone: Normal
Jun  8 22:23:01 TPServer kernel: [    0.259927] Kernel command line: BOOT_IMAGE=/boot/vmlinuz-5.10.0-35-amd64 root=UUID=cd2cb4ca-39bd-4522-919c-e4ceb81b5ae8 ro quiet
Jun  8 22:23:01 TPServer kernel: [    0.273689] Dentry cache hash table entries: 1048576 (order: 11, 8388608 bytes, linear)
Jun  8 22:23:01 TPServer kernel: [    0.281488] Inode-cache hash table entries: 524288 (order: 10, 4194304 bytes, linear)
Jun  8 22:23:01 TPServer kernel: [    0.281524] mem auto-init: stack:off, heap alloc:on, heap free:off
Jun  8 22:23:01 TPServer kernel: [    0.363554] Memory: 3657008K/8388152K available (12295K kernel code, 2543K rwdata, 7644K rodata, 2680K init, 17684K bss, 288376K reserved, 0K cma-reserved)
Jun  8 22:23:01 TPServer kernel: [    0.363973] SLUB: HWalign=64, Order=0-3, MinObjects=0, CPUs=4, Nodes=1
Jun  8 22:23:01 TPServer kernel: [    0.364018] ftrace: allocating 36733 entries in 144 pages
Jun  8 22:23:01 TPServer kernel: [    0.375748] ftrace: allocated 144 pages with 2 groups
Jun  8 22:23:01 TPServer kernel: [    0.376904] rcu: Hierarchical RCU implementation.
Jun  8 22:23:01 TPServer kernel: [    0.376907] rcu: 	RCU restricting CPUs from NR_CPUS=8192 to nr_cpu_ids=4.
Jun  8 22:23:01 TPServer kernel: [    0.376908] 	Rude variant of Tasks RCU enabled.
Jun  8 22:23:01 TPServer kernel: [    0.376909] 	Tracing variant of Tasks RCU enabled.
Jun  8 22:23:01 TPServer kernel: [    0.376910] rcu: RCU calculated value of scheduler-enlistment delay is 25 jiffies.
Jun  8 22:23:01 TPServer kernel: [    0.376911] rcu: Adjusting geometry for rcu_fanout_leaf=16, nr_cpu_ids=4
Jun  8 22:23:01 TPServer kernel: [    0.379210] NR_IRQS: 524544, nr_irqs: 456, preallocated irqs: 16
Jun  8 22:23:01 TPServer kernel: [    0.379512] random: crng init done
Jun  8 22:23:01 TPServer kernel: [    0.385144] Console: colour VGA+ 80x25
Jun  8 22:23:01 TPServer kernel: [    0.385151] printk: console [tty0] enabled
Jun  8 22:23:01 TPServer kernel: [    0.385168] ACPI: Core revision 20200925
Jun  8 22:23:01 TPServer kernel: [    0.385246] APIC: Switch to symmetric I/O mode setup
Jun  8 22:23:01 TPServer kernel: [    0.385390] x2apic enabled
Jun  8 22:23:01 TPServer kernel: [    0.385550] Switched APIC routing to physical x2apic.
Jun  8 22:23:01 TPServer kernel: [    0.386233] ..TIMER: vector=0x30 apic1=0 pin1=2 apic2=-1 pin2=-1
Jun  8 22:23:01 TPServer kernel: [    0.386248] clocksource: tsc-early: mask: 0xffffffffffffffff max_cycles: 0x6a7763b2526, max_idle_ns: 881590616402 ns
Jun  8 22:23:01 TPServer kernel: [    0.386253] Calibrating delay loop (skipped) preset value.. 7386.10 BogoMIPS (lpj=14772208)
Jun  8 22:23:01 TPServer kernel: [    0.386333] Last level iTLB entries: 4KB 512, 2MB 512, 4MB 256
Jun  8 22:23:01 TPServer kernel: [    0.386333] Last level dTLB entries: 4KB 2048, 2MB 2048, 4MB 1024, 1GB 0
Jun  8 22:23:01 TPServer kernel: [    0.386335] Spectre V1 : Mitigation: usercopy/swapgs barriers and __user pointer sanitization
Jun  8 22:23:01 TPServer kernel: [    0.386336] Spectre V2 : Mitigation: Retpolines
Jun  8 22:23:01 TPServer kernel: [    0.386337] Spectre V2 : Spectre v2 / SpectreRSB mitigation: Filling RSB on context switch
Jun  8 22:23:01 TPServer kernel: [    0.386337] Spectre V2 : Spectre v2 / SpectreRSB : Filling RSB on VMEXIT
Jun  8 22:23:01 TPServer kernel: [    0.386340] Speculative Return Stack Overflow: Mitigation: safe RET
Jun  8 22:23:01 TPServer kernel: [    0.386355] x86/fpu: Supporting XSAVE feature 0x001: 'x87 floating point registers'
Jun  8 22:23:01 TPServer kernel: [    0.386355] x86/fpu: Supporting XSAVE feature 0x002: 'SSE registers'
Jun  8 22:23:01 TPServer kernel: [    0.386355] x86/fpu: Supporting XSAVE feature 0x004: 'AVX registers'
Jun  8 22:23:01 TPServer kernel: [    0.386357] x86/fpu: xstate_offset[2]:  576, xstate_sizes[2]:  256
Jun  8 22:23:01 TPServer kernel: [    0.386358] x86/fpu: Enabled xstate features 0x7, context size is 832 bytes, using 'standard' format.
Jun  8 22:23:01 TPServer kernel: [    0.390250] Freeing SMP alternatives memory: 32K
Jun  8 22:23:01 TPServer kernel: [    0.390250] pid_max: default: 32768 minimum: 301
Jun  8 22:23:01 TPServer kernel: [    0.390250] LSM: Security Framework initializing
Jun  8 22:23:01 TPServer kernel: [    0.390250] Yama: disabled by default; enable with sysctl kernel.yama.*
Jun  8 22:23:01 TPServer kernel: [    0.390250] AppArmor: AppArmor initialized
Jun  8 22:23:01 TPServer kernel: [    0.390250] TOMOYO Linux initialized
Jun  8 22:23:01 TPServer kernel: [    0.390250] Mount-cache hash table entries: 16384 (order: 5, 131072 bytes, linear)
Jun  8 22:23:01 TPServer kernel: [    0.390250] Mountpoint-cache hash table entries: 16384 (order: 5, 131072 bytes, linear)
Jun  8 22:23:01 TPServer kernel: [    0.503593] APIC calibration not consistent with PM-Timer: 103ms instead of 100ms
Jun  8 22:23:01 TPServer kernel: [    0.503595] APIC delta adjusted to PM-Timer: 6344143 (6589098)
Jun  8 22:23:01 TPServer kernel: [    0.503663] smpboot: CPU0: AMD Ryzen 5 5600X 6-Core Processor (family: 0x19, model: 0x21, stepping: 0x0)
Jun  8 22:23:01 TPServer kernel: [    0.503836] Performance Events: PMU not available due to virtualization, using software events only.
Jun  8 22:23:01 TPServer kernel: [    0.503886] rcu: Hierarchical SRCU implementation.
Jun  8 22:23:01 TPServer kernel: [    0.504173] NMI watchdog: Perf NMI watchdog permanently disabled
Jun  8 22:23:01 TPServer kernel: [    0.504240] smp: Bringing up secondary CPUs ...
Jun  8 22:23:01 TPServer kernel: [    0.504350] x86: Booting SMP configuration:
Jun  8 22:23:01 TPServer kernel: [    0.504351] .... node  #0, CPUs:      #1
Jun  8 22:23:01 TPServer kernel: [    0.010754] kvm-clock: cpu 1, msr a4001041, secondary cpu clock
Jun  8 22:23:01 TPServer kernel: [    0.506250]  #2
Jun  8 22:23:01 TPServer kernel: [    0.010754] kvm-clock: cpu 2, msr a4001081, secondary cpu clock
Jun  8 22:23:01 TPServer kernel: [    0.506356]  #3
Jun  8 22:23:01 TPServer kernel: [    0.010754] kvm-clock: cpu 3, msr a40010c1, secondary cpu clock
Jun  8 22:23:01 TPServer kernel: [    0.508650] smp: Brought up 1 node, 4 CPUs
Jun  8 22:23:01 TPServer kernel: [    0.508650] smpboot: Max logical packages: 1
Jun  8 22:23:01 TPServer kernel: [    0.508650] smpboot: Total of 4 processors activated (29544.41 BogoMIPS)
Jun  8 22:23:01 TPServer kernel: [    0.526294] node 0 deferred pages initialised in 16ms
Jun  8 22:23:01 TPServer kernel: [    0.526526] devtmpfs: initialized
Jun  8 22:23:01 TPServer kernel: [    0.526526] x86/mm: Memory block size: 128MB
Jun  8 22:23:01 TPServer kernel: [    0.527136] clocksource: jiffies: mask: 0xffffffff max_cycles: 0xffffffff, max_idle_ns: 7645041785100000 ns
Jun  8 22:23:01 TPServer kernel: [    0.527136] futex hash table entries: 1024 (order: 4, 65536 bytes, linear)
Jun  8 22:23:01 TPServer kernel: [    0.527136] pinctrl core: initialized pinctrl subsystem
Jun  8 22:23:01 TPServer kernel: [    0.527136] NET: Registered protocol family 16
Jun  8 22:23:01 TPServer kernel: [    0.528241] DMA: preallocated 1024 KiB GFP_KERNEL pool for atomic allocations
Jun  8 22:23:01 TPServer kernel: [    0.528307] DMA: preallocated 1024 KiB GFP_KERNEL|GFP_DMA pool for atomic allocations
Jun  8 22:23:01 TPServer kernel: [    0.528372] DMA: preallocated 1024 KiB GFP_KERNEL|GFP_DMA32 pool for atomic allocations
Jun  8 22:23:01 TPServer kernel: [    0.528393] audit: initializing netlink subsys (disabled)
Jun  8 22:23:01 TPServer kernel: [    0.530260] audit: type=2000 audit(1749432192.722:1): state=initialized audit_enabled=0 res=1
Jun  8 22:23:01 TPServer kernel: [    0.530415] thermal_sys: Registered thermal governor 'fair_share'
Jun  8 22:23:01 TPServer kernel: [    0.530416] thermal_sys: Registered thermal governor 'bang_bang'
Jun  8 22:23:01 TPServer kernel: [    0.530417] thermal_sys: Registered thermal governor 'step_wise'
Jun  8 22:23:01 TPServer kernel: [    0.530417] thermal_sys: Registered thermal governor 'user_space'
Jun  8 22:23:01 TPServer kernel: [    0.530418] thermal_sys: Registered thermal governor 'power_allocator'
Jun  8 22:23:01 TPServer kernel: [    0.530433] cpuidle: using governor ladder
Jun  8 22:23:01 TPServer kernel: [    0.530437] cpuidle: using governor menu
Jun  8 22:23:01 TPServer kernel: [    0.530637] ACPI: bus type PCI registered
Jun  8 22:23:01 TPServer kernel: [    0.530637] acpiphp: ACPI Hot Plug PCI Controller Driver version: 0.5
Jun  8 22:23:01 TPServer kernel: [    0.530637] PCI: Using configuration type 1 for base access
Jun  8 22:23:01 TPServer kernel: [    0.530637] PCI: Using configuration type 1 for extended access
Jun  8 22:23:01 TPServer kernel: [    0.531471] Kprobes globally optimized
Jun  8 22:23:01 TPServer kernel: [    0.531479] HugeTLB registered 2.00 MiB page size, pre-allocated 0 pages
Jun  8 22:23:01 TPServer kernel: [    0.615436] ACPI: Added _OSI(Module Device)
Jun  8 22:23:01 TPServer kernel: [    0.615436] ACPI: Added _OSI(Processor Device)
Jun  8 22:23:01 TPServer kernel: [    0.615436] ACPI: Added _OSI(3.0 _SCP Extensions)
Jun  8 22:23:01 TPServer kernel: [    0.615436] ACPI: Added _OSI(Processor Aggregator Device)
Jun  8 22:23:01 TPServer kernel: [    0.615436] ACPI: Added _OSI(Linux-Dell-Video)
Jun  8 22:23:01 TPServer kernel: [    0.615436] ACPI: Added _OSI(Linux-Lenovo-NV-HDMI-Audio)
Jun  8 22:23:01 TPServer kernel: [    0.615436] ACPI: Added _OSI(Linux-HPI-Hybrid-Graphics)
Jun  8 22:23:01 TPServer kernel: [    0.616218] ACPI: 2 ACPI AML tables successfully acquired and loaded
Jun  8 22:23:01 TPServer kernel: [    0.619225] ACPI: Interpreter enabled
Jun  8 22:23:01 TPServer kernel: [    0.619237] ACPI: (supports S0 S5)
Jun  8 22:23:01 TPServer kernel: [    0.619240] ACPI: Using IOAPIC for interrupt routing
Jun  8 22:23:01 TPServer kernel: [    0.619458] PCI: Using host bridge windows from ACPI; if necessary, use "pci=nocrs" and report a bug
Jun  8 22:23:01 TPServer kernel: [    0.619596] ACPI: Enabled 2 GPEs in block 00 to 07
Jun  8 22:23:01 TPServer kernel: [    0.626620] ACPI: PCI Root Bridge [PCI0] (domain 0000 [bus 00-ff])
Jun  8 22:23:01 TPServer kernel: [    0.626626] acpi PNP0A03:00: _OSC: OS supports [ExtendedConfig ASPM ClockPM Segments MSI HPX-Type3]
Jun  8 22:23:01 TPServer kernel: [    0.627370] acpi PNP0A03:00: _OSC: platform does not support [PCIeCapability LTR]
Jun  8 22:23:01 TPServer kernel: [    0.627781] acpi PNP0A03:00: _OSC: not requesting control; platform does not support [PCIeCapability]
Jun  8 22:23:01 TPServer kernel: [    0.627783] acpi PNP0A03:00: _OSC: OS requested [PCIeHotplug SHPCHotplug PME AER PCIeCapability LTR]
Jun  8 22:23:01 TPServer kernel: [    0.627785] acpi PNP0A03:00: _OSC: platform willing to grant [PCIeHotplug SHPCHotplug PME AER]
Jun  8 22:23:01 TPServer kernel: [    0.627786] acpi PNP0A03:00: _OSC failed (AE_SUPPORT); disabling ASPM
Jun  8 22:23:01 TPServer kernel: [    0.628068] PCI host bridge to bus 0000:00
Jun  8 22:23:01 TPServer kernel: [    0.628070] pci_bus 0000:00: root bus resource [io  0x0000-0x0cf7 window]
Jun  8 22:23:01 TPServer kernel: [    0.628072] pci_bus 0000:00: root bus resource [io  0x0d00-0xffff window]
Jun  8 22:23:01 TPServer kernel: [    0.628073] pci_bus 0000:00: root bus resource [mem 0x000a0000-0x000bffff window]
Jun  8 22:23:01 TPServer kernel: [    0.628074] pci_bus 0000:00: root bus resource [mem 0xe0000000-0xfdffffff window]
Jun  8 22:23:01 TPServer kernel: [    0.628075] pci_bus 0000:00: root bus resource [bus 00-ff]
Jun  8 22:23:01 TPServer kernel: [    0.628189] pci 0000:00:00.0: [8086:1237] type 00 class 0x060000
Jun  8 22:23:01 TPServer kernel: [    0.628624] pci 0000:00:01.0: [8086:7000] type 00 class 0x060100
Jun  8 22:23:01 TPServer kernel: [    0.630687] pci 0000:00:01.1: [8086:7111] type 00 class 0x01018a
Jun  8 22:23:01 TPServer kernel: [    0.630895] pci 0000:00:01.1: reg 0x20: [io  0xd000-0xd00f]
Jun  8 22:23:01 TPServer rsyslogd: imuxsock: Acquired UNIX socket '/run/systemd/journal/syslog' (fd 3) from systemd.  [v8.2102.0]
Jun  8 22:23:01 TPServer rsyslogd: [origin software="rsyslogd" swVersion="8.2102.0" x-pid="440" x-info="https://www.rsyslog.com"] start
Jun  8 22:23:01 TPServer kernel: [    0.631008] pci 0000:00:01.1: legacy IDE quirk: reg 0x10: [io  0x01f0-0x01f7]
Jun  8 22:23:01 TPServer kernel: [    0.631010] pci 0000:00:01.1: legacy IDE quirk: reg 0x14: [io  0x03f6]
Jun  8 22:23:01 TPServer kernel: [    0.631011] pci 0000:00:01.1: legacy IDE quirk: reg 0x18: [io  0x0170-0x0177]
Jun  8 22:23:01 TPServer kernel: [    0.631012] pci 0000:00:01.1: legacy IDE quirk: reg 0x1c: [io  0x0376]
Jun  8 22:23:01 TPServer kernel: [    0.631213] pci 0000:00:02.0: [15ad:0405] type 00 class 0x030000
Jun  8 22:23:01 TPServer kernel: [    0.634062] pci 0000:00:02.0: reg 0x10: [io  0xd010-0xd01f]
Jun  8 22:23:01 TPServer kernel: [    0.634250] pci 0000:00:02.0: reg 0x14: [mem 0xe0000000-0xe0ffffff pref]
Jun  8 22:23:01 TPServer kernel: [    0.638422] pci 0000:00:02.0: reg 0x18: [mem 0xf0000000-0xf01fffff]
Jun  8 22:23:01 TPServer kernel: [    0.641847] pci 0000:00:03.0: [8086:100e] type 00 class 0x020000
Jun  8 22:23:01 TPServer kernel: [    0.642250] pci 0000:00:03.0: reg 0x10: [mem 0xf0200000-0xf021ffff]
Jun  8 22:23:01 TPServer kernel: [    0.642339] pci 0000:00:03.0: reg 0x18: [io  0xd020-0xd027]
Jun  8 22:23:01 TPServer kernel: [    0.646847] pci 0000:00:04.0: [80ee:cafe] type 00 class 0x088000
Jun  8 22:23:01 TPServer kernel: [    0.649609] pci 0000:00:04.0: reg 0x10: [io  0xd040-0xd05f]
Jun  8 22:23:01 TPServer kernel: [    0.650250] pci 0000:00:04.0: reg 0x14: [mem 0xf0400000-0xf07fffff]
Jun  8 22:23:01 TPServer kernel: [    0.650347] pci 0000:00:04.0: reg 0x18: [mem 0xf0800000-0xf0803fff pref]
Jun  8 22:23:01 TPServer kernel: [    0.654734] pci 0000:00:05.0: [8086:2415] type 00 class 0x040100
Jun  8 22:23:01 TPServer kernel: [    0.654809] pci 0000:00:05.0: reg 0x10: [io  0xd100-0xd1ff]
Jun  8 22:23:01 TPServer kernel: [    0.654847] pci 0000:00:05.0: reg 0x14: [io  0xd200-0xd23f]
Jun  8 22:23:01 TPServer kernel: [    0.655227] pci 0000:00:06.0: [106b:003f] type 00 class 0x0c0310
Jun  8 22:23:01 TPServer kernel: [    0.658225] pci 0000:00:06.0: reg 0x10: [mem 0xf0804000-0xf0804fff]
Jun  8 22:23:01 TPServer kernel: [    0.665195] pci 0000:00:07.0: [8086:7113] type 00 class 0x068000
Jun  8 22:23:01 TPServer kernel: [    0.665518] pci 0000:00:07.0: quirk: [io  0x4000-0x403f] claimed by PIIX4 ACPI
Jun  8 22:23:01 TPServer kernel: [    0.665527] pci 0000:00:07.0: quirk: [io  0x4100-0x410f] claimed by PIIX4 SMB
Jun  8 22:23:01 TPServer kernel: [    0.665796] pci 0000:00:0d.0: [8086:2829] type 00 class 0x010601
Jun  8 22:23:01 TPServer kernel: [    0.666250] pci 0000:00:0d.0: reg 0x10: [io  0xd240-0xd247]
Jun  8 22:23:01 TPServer kernel: [    0.666362] pci 0000:00:0d.0: reg 0x14: [io  0xd248-0xd24b]
Jun  8 22:23:01 TPServer kernel: [    0.669173] pci 0000:00:0d.0: reg 0x18: [io  0xd250-0xd257]
Jun  8 22:23:01 TPServer kernel: [    0.670250] pci 0000:00:0d.0: reg 0x1c: [io  0xd258-0xd25b]
Jun  8 22:23:01 TPServer kernel: [    0.670250] pci 0000:00:0d.0: reg 0x20: [io  0xd260-0xd26f]
Jun  8 22:23:01 TPServer kernel: [    0.670334] pci 0000:00:0d.0: reg 0x24: [mem 0xf0806000-0xf0807fff]
Jun  8 22:23:01 TPServer kernel: [    0.674250] ACPI: PCI Interrupt Link [LNKA] (IRQs 5 9 10 *11)
Jun  8 22:23:01 TPServer kernel: [    0.674250] ACPI: PCI Interrupt Link [LNKB] (IRQs 5 9 *10 11)
Jun  8 22:23:01 TPServer kernel: [    0.674250] ACPI: PCI Interrupt Link [LNKC] (IRQs 5 *9 10 11)
Jun  8 22:23:01 TPServer kernel: [    0.674250] ACPI: PCI Interrupt Link [LNKD] (IRQs 5 9 10 *11)
Jun  8 22:23:01 TPServer kernel: [    0.674250] iommu: Default domain type: Translated 
Jun  8 22:23:01 TPServer kernel: [    0.674293] pci 0000:00:02.0: vgaarb: setting as boot VGA device
Jun  8 22:23:01 TPServer kernel: [    0.674293] pci 0000:00:02.0: vgaarb: VGA device added: decodes=io+mem,owns=io+mem,locks=none
Jun  8 22:23:01 TPServer kernel: [    0.674293] pci 0000:00:02.0: vgaarb: bridge control possible
Jun  8 22:23:01 TPServer kernel: [    0.674293] vgaarb: loaded
Jun  8 22:23:01 TPServer kernel: [    0.674377] EDAC MC: Ver: 3.0.0
Jun  8 22:23:01 TPServer kernel: [    0.678437] NetLabel: Initializing
Jun  8 22:23:01 TPServer kernel: [    0.678438] NetLabel:  domain hash size = 128
Jun  8 22:23:01 TPServer kernel: [    0.678439] NetLabel:  protocols = UNLABELED CIPSOv4 CALIPSO
Jun  8 22:23:01 TPServer kernel: [    0.678457] NetLabel:  unlabeled traffic allowed by default
Jun  8 22:23:01 TPServer kernel: [    0.678460] PCI: Using ACPI for IRQ routing
Jun  8 22:23:01 TPServer kernel: [    0.678663] clocksource: Switched to clocksource kvm-clock
Jun  8 22:23:01 TPServer kernel: [    0.695083] VFS: Disk quotas dquot_6.6.0
Jun  8 22:23:01 TPServer kernel: [    0.695104] VFS: Dquot-cache hash table entries: 512 (order 0, 4096 bytes)
Jun  8 22:23:01 TPServer kernel: [    0.695250] AppArmor: AppArmor Filesystem Enabled
Jun  8 22:23:01 TPServer kernel: [    0.695272] pnp: PnP ACPI init
Jun  8 22:23:01 TPServer kernel: [    0.695979] pnp: PnP ACPI: found 2 devices
Jun  8 22:23:01 TPServer kernel: [    0.703856] clocksource: acpi_pm: mask: 0xffffff max_cycles: 0xffffff, max_idle_ns: 2085701024 ns
Jun  8 22:23:01 TPServer kernel: [    0.703924] NET: Registered protocol family 2
Jun  8 22:23:01 TPServer kernel: [    0.704792] IP idents hash table entries: 131072 (order: 8, 1048576 bytes, linear)
Jun  8 22:23:01 TPServer kernel: [    0.705619] tcp_listen_portaddr_hash hash table entries: 4096 (order: 4, 65536 bytes, linear)
Jun  8 22:23:01 TPServer kernel: [    0.705673] TCP established hash table entries: 65536 (order: 7, 524288 bytes, linear)
Jun  8 22:23:01 TPServer kernel: [    0.709767] TCP bind hash table entries: 65536 (order: 8, 1048576 bytes, linear)
Jun  8 22:23:01 TPServer kernel: [    0.709809] TCP: Hash tables configured (established 65536 bind 65536)
Jun  8 22:23:01 TPServer kernel: [    0.709914] UDP hash table entries: 4096 (order: 5, 131072 bytes, linear)
Jun  8 22:23:01 TPServer kernel: [    0.709964] UDP-Lite hash table entries: 4096 (order: 5, 131072 bytes, linear)
Jun  8 22:23:01 TPServer kernel: [    0.710088] NET: Registered protocol family 1
Jun  8 22:23:01 TPServer kernel: [    0.710097] NET: Registered protocol family 44
Jun  8 22:23:01 TPServer kernel: [    0.710111] pci_bus 0000:00: resource 4 [io  0x0000-0x0cf7 window]
Jun  8 22:23:01 TPServer kernel: [    0.710112] pci_bus 0000:00: resource 5 [io  0x0d00-0xffff window]
Jun  8 22:23:01 TPServer kernel: [    0.710114] pci_bus 0000:00: resource 6 [mem 0x000a0000-0x000bffff window]
Jun  8 22:23:01 TPServer kernel: [    0.710115] pci_bus 0000:00: resource 7 [mem 0xe0000000-0xfdffffff window]
Jun  8 22:23:01 TPServer kernel: [    0.710168] pci 0000:00:00.0: Limiting direct PCI/PCI transfers
Jun  8 22:23:01 TPServer kernel: [    0.710179] pci 0000:00:01.0: Activating ISA DMA hang workarounds
Jun  8 22:23:01 TPServer kernel: [    0.710218] pci 0000:00:02.0: Video device with shadowed ROM at [mem 0x000c0000-0x000dffff]
Jun  8 22:23:01 TPServer kernel: [    0.711590] PCI: CLS 0 bytes, default 64
Jun  8 22:23:01 TPServer kernel: [    0.711660] Trying to unpack rootfs image as initramfs...
Jun  8 22:23:01 TPServer kernel: [    1.073135] Freeing initrd memory: 28540K
Jun  8 22:23:01 TPServer kernel: [    1.073248] PCI-DMA: Using software bounce buffering for IO (SWIOTLB)
Jun  8 22:23:01 TPServer kernel: [    1.073250] software IO TLB: mapped [mem 0x00000000dbff0000-0x00000000dfff0000] (64MB)
Jun  8 22:23:01 TPServer kernel: [    1.073295] clocksource: tsc: mask: 0xffffffffffffffff max_cycles: 0x6a7763b2526, max_idle_ns: 881590616402 ns
Jun  8 22:23:01 TPServer kernel: [    1.073372] clocksource: Switched to clocksource tsc
Jun  8 22:23:01 TPServer kernel: [    1.073420] platform rtc_cmos: registered platform RTC device (no PNP device found)
Jun  8 22:23:01 TPServer kernel: [    1.073965] Initialise system trusted keyrings
Jun  8 22:23:01 TPServer kernel: [    1.073975] Key type blacklist registered
Jun  8 22:23:01 TPServer kernel: [    1.074075] workingset: timestamp_bits=36 max_order=21 bucket_order=0
Jun  8 22:23:01 TPServer kernel: [    1.075243] zbud: loaded
Jun  8 22:23:01 TPServer kernel: [    1.075499] integrity: Platform Keyring initialized
Jun  8 22:23:01 TPServer kernel: [    1.075502] Key type asymmetric registered
Jun  8 22:23:01 TPServer kernel: [    1.075504] Asymmetric key parser 'x509' registered
Jun  8 22:23:01 TPServer kernel: [    1.075513] Block layer SCSI generic (bsg) driver version 0.4 loaded (major 251)
Jun  8 22:23:01 TPServer kernel: [    1.075601] io scheduler mq-deadline registered
Jun  8 22:23:01 TPServer kernel: [    1.076054] shpchp: Standard Hot Plug PCI Controller Driver version: 0.4
Jun  8 22:23:01 TPServer kernel: [    1.076390] Serial: 8250/16550 driver, 4 ports, IRQ sharing enabled
Jun  8 22:23:01 TPServer kernel: [    1.076848] Linux agpgart interface v0.103
Jun  8 22:23:01 TPServer kernel: [    1.076915] AMD-Vi: AMD IOMMUv2 functionality not available on this system - This is not a bug.
Jun  8 22:23:01 TPServer kernel: [    1.077260] i8042: PNP: PS/2 Controller [PNP0303:PS2K,PNP0f03:PS2M] at 0x60,0x64 irq 1,12
Jun  8 22:23:01 TPServer kernel: [    1.077659] serio: i8042 KBD port at 0x60,0x64 irq 1
Jun  8 22:23:01 TPServer kernel: [    1.077664] serio: i8042 AUX port at 0x60,0x64 irq 12
Jun  8 22:23:01 TPServer kernel: [    1.077847] mousedev: PS/2 mouse device common for all mice
Jun  8 22:23:01 TPServer kernel: [    1.078106] input: AT Translated Set 2 keyboard as /devices/platform/i8042/serio0/input/input0
Jun  8 22:23:01 TPServer kernel: [    1.078595] rtc_cmos rtc_cmos: registered as rtc0
Jun  8 22:23:01 TPServer kernel: [    1.078652] rtc_cmos rtc_cmos: setting system clock to 2025-06-09T01:22:57 UTC (1749432177)
Jun  8 22:23:01 TPServer kernel: [    1.078715] rtc_cmos rtc_cmos: alarms up to one day, 114 bytes nvram
Jun  8 22:23:01 TPServer kernel: [    1.078883] ledtrig-cpu: registered to indicate activity on CPUs
Jun  8 22:23:01 TPServer kernel: [    1.079101] NET: Registered protocol family 10
Jun  8 22:23:01 TPServer kernel: [    1.084837] Segment Routing with IPv6
Jun  8 22:23:01 TPServer kernel: [    1.084860] mip6: Mobile IPv6
Jun  8 22:23:01 TPServer kernel: [    1.084862] NET: Registered protocol family 17
Jun  8 22:23:01 TPServer kernel: [    1.084927] mpls_gso: MPLS GSO support
Jun  8 22:23:01 TPServer kernel: [    1.085146] IPI shorthand broadcast: enabled
Jun  8 22:23:01 TPServer kernel: [    1.085164] sched_clock: Marking stable (1078335634, 6754812)->(1251026312, -165935866)
Jun  8 22:23:01 TPServer kernel: [    1.085369] registered taskstats version 1
Jun  8 22:23:01 TPServer kernel: [    1.085373] Loading compiled-in X.509 certificates
Jun  8 22:23:01 TPServer kernel: [    1.102874] Loaded X.509 cert 'Debian Secure Boot CA: 6ccece7e4c6c0d1f6149f3dd27dfcc5cbb419ea1'
Jun  8 22:23:01 TPServer kernel: [    1.102891] Loaded X.509 cert 'Debian Secure Boot Signer 2022 - linux: 14011249c2675ea8e5148542202005810584b25f'
Jun  8 22:23:01 TPServer kernel: [    1.102929] zswap: loaded using pool lzo/zbud
Jun  8 22:23:01 TPServer kernel: [    1.103225] Key type .fscrypt registered
Jun  8 22:23:01 TPServer kernel: [    1.103227] Key type fscrypt-provisioning registered
Jun  8 22:23:01 TPServer kernel: [    1.103263] AppArmor: AppArmor sha1 policy hashing enabled
Jun  8 22:23:01 TPServer kernel: [    1.103424] clk: Disabling unused clocks
Jun  8 22:23:01 TPServer kernel: [    1.106267] Freeing unused decrypted memory: 2036K
Jun  8 22:23:01 TPServer kernel: [    1.108107] Freeing unused kernel image (initmem) memory: 2680K
Jun  8 22:23:01 TPServer kernel: [    1.127794] Write protecting the kernel read-only data: 22528k
Jun  8 22:23:01 TPServer kernel: [    1.128650] Freeing unused kernel image (text/rodata gap) memory: 2040K
Jun  8 22:23:01 TPServer kernel: [    1.128930] Freeing unused kernel image (rodata/data gap) memory: 548K
Jun  8 22:23:01 TPServer kernel: [    1.182321] x86/mm: Checked W+X mappings: passed, no W+X pages found.
Jun  8 22:23:01 TPServer kernel: [    1.182332] Run /init as init process
Jun  8 22:23:01 TPServer kernel: [    1.235513] ACPI: Video Device [GFX0] (multi-head: yes  rom: no  post: no)
Jun  8 22:23:01 TPServer kernel: [    1.235601] input: Video Bus as /devices/LNXSYSTM:00/LNXSYBUS:00/PNP0A03:00/LNXVIDEO:00/input/input2
Jun  8 22:23:01 TPServer kernel: [    1.245491] e1000: Intel(R) PRO/1000 Network Driver
Jun  8 22:23:01 TPServer kernel: [    1.245493] e1000: Copyright (c) 1999-2006 Intel Corporation.
Jun  8 22:23:01 TPServer kernel: [    1.249460] SCSI subsystem initialized
Jun  8 22:23:01 TPServer kernel: [    1.250222] piix4_smbus 0000:00:07.0: SMBus Host Controller at 0x4100, revision 0
Jun  8 22:23:01 TPServer kernel: [    1.262029] ACPI: bus type USB registered
Jun  8 22:23:01 TPServer kernel: [    1.262068] usbcore: registered new interface driver usbfs
Jun  8 22:23:01 TPServer kernel: [    1.262080] usbcore: registered new interface driver hub
Jun  8 22:23:01 TPServer kernel: [    1.262092] usbcore: registered new device driver usb
Jun  8 22:23:01 TPServer kernel: [    1.262650] scsi host0: ata_piix
Jun  8 22:23:01 TPServer kernel: [    1.263320] scsi host1: ata_piix
Jun  8 22:23:01 TPServer kernel: [    1.263368] ata1: PATA max UDMA/33 cmd 0x1f0 ctl 0x3f6 bmdma 0xd000 irq 14
Jun  8 22:23:01 TPServer kernel: [    1.263370] ata2: PATA max UDMA/33 cmd 0x170 ctl 0x376 bmdma 0xd008 irq 15
Jun  8 22:23:01 TPServer kernel: [    1.264675] ahci 0000:00:0d.0: SSS flag set, parallel bus scan disabled
Jun  8 22:23:01 TPServer kernel: [    1.264837] ahci 0000:00:0d.0: AHCI 0001.0100 32 slots 3 ports 3 Gbps 0x7 impl SATA mode
Jun  8 22:23:01 TPServer kernel: [    1.264840] ahci 0000:00:0d.0: flags: 64bit ncq stag only ccc 
Jun  8 22:23:01 TPServer kernel: [    1.265224] ehci_hcd: USB 2.0 'Enhanced' Host Controller (EHCI) Driver
Jun  8 22:23:01 TPServer kernel: [    1.265560] scsi host2: ahci
Jun  8 22:23:01 TPServer kernel: [    1.265827] scsi host3: ahci
Jun  8 22:23:01 TPServer kernel: [    1.266005] scsi host4: ahci
Jun  8 22:23:01 TPServer kernel: [    1.266078] ata3: SATA max UDMA/133 abar m8192@0xf0806000 port 0xf0806100 irq 21
Jun  8 22:23:01 TPServer kernel: [    1.266083] ata4: SATA max UDMA/133 abar m8192@0xf0806000 port 0xf0806180 irq 21
Jun  8 22:23:01 TPServer kernel: [    1.266087] ata5: SATA max UDMA/133 abar m8192@0xf0806000 port 0xf0806200 irq 21
Jun  8 22:23:01 TPServer kernel: [    1.474321] input: ImExPS/2 Generic Explorer Mouse as /devices/platform/i8042/serio1/input/input3
Jun  8 22:23:01 TPServer kernel: [    1.581672] ata3: SATA link up 3.0 Gbps (SStatus 123 SControl 300)
Jun  8 22:23:01 TPServer kernel: [    1.581792] ata3.00: ATA-6: VBOX HARDDISK, 1.0, max UDMA/133
Jun  8 22:23:01 TPServer kernel: [    1.581794] ata3.00: 20971520 sectors, multi 128: LBA48 NCQ (depth 32)
Jun  8 22:23:01 TPServer kernel: [    1.581911] ata3.00: configured for UDMA/133
Jun  8 22:23:01 TPServer kernel: [    1.582145] scsi 2:0:0:0: Direct-Access     ATA      VBOX HARDDISK    1.0  PQ: 0 ANSI: 5
Jun  8 22:23:01 TPServer kernel: [    1.603181] e1000 0000:00:03.0 eth0: (PCI:33MHz:32-bit) 08:00:27:97:d6:72
Jun  8 22:23:01 TPServer kernel: [    1.603206] e1000 0000:00:03.0 eth0: Intel(R) PRO/1000 Network Connection
Jun  8 22:23:01 TPServer kernel: [    1.899763] ata4: SATA link up 3.0 Gbps (SStatus 123 SControl 300)
Jun  8 22:23:01 TPServer kernel: [    1.899873] ata4.00: ATA-6: VBOX HARDDISK, 1.0, max UDMA/133
Jun  8 22:23:01 TPServer kernel: [    1.899874] ata4.00: 16777216 sectors, multi 128: LBA48 NCQ (depth 32)
Jun  8 22:23:01 TPServer kernel: [    1.900026] ata4.00: configured for UDMA/133
Jun  8 22:23:01 TPServer kernel: [    1.900264] scsi 3:0:0:0: Direct-Access     ATA      VBOX HARDDISK    1.0  PQ: 0 ANSI: 5
Jun  8 22:23:01 TPServer kernel: [    2.216181] ata5: SATA link up 3.0 Gbps (SStatus 123 SControl 300)
Jun  8 22:23:01 TPServer kernel: [    2.216292] ata5.00: ATA-6: VBOX HARDDISK, 1.0, max UDMA/133
Jun  8 22:23:01 TPServer kernel: [    2.216294] ata5.00: 20971520 sectors, multi 128: LBA48 NCQ (depth 32)
Jun  8 22:23:01 TPServer kernel: [    2.216438] ata5.00: configured for UDMA/133
Jun  8 22:23:01 TPServer kernel: [    2.216569] scsi 4:0:0:0: Direct-Access     ATA      VBOX HARDDISK    1.0  PQ: 0 ANSI: 5
Jun  8 22:23:01 TPServer kernel: [    2.219001] ohci_hcd: USB 1.1 'Open' Host Controller (OHCI) Driver
Jun  8 22:23:01 TPServer kernel: [    2.230799] ehci-pci: EHCI PCI platform driver
Jun  8 22:23:01 TPServer kernel: [    2.231475] ohci-pci: OHCI PCI platform driver
Jun  8 22:23:01 TPServer kernel: [    2.232216] ohci-pci 0000:00:06.0: OHCI PCI host controller
Jun  8 22:23:01 TPServer kernel: [    2.232224] ohci-pci 0000:00:06.0: new USB bus registered, assigned bus number 1
Jun  8 22:23:01 TPServer kernel: [    2.237883] ohci-pci 0000:00:06.0: irq 22, io mem 0xf0804000
Jun  8 22:23:01 TPServer kernel: [    2.239492] e1000 0000:00:03.0 enp0s3: renamed from eth0
Jun  8 22:23:01 TPServer kernel: [    2.243298] sd 3:0:0:0: [sdb] 16777216 512-byte logical blocks: (8.59 GB/8.00 GiB)
Jun  8 22:23:01 TPServer kernel: [    2.243299] sd 2:0:0:0: [sda] 20971520 512-byte logical blocks: (10.7 GB/10.0 GiB)
Jun  8 22:23:01 TPServer kernel: [    2.243302] sd 4:0:0:0: [sdc] 20971520 512-byte logical blocks: (10.7 GB/10.0 GiB)
Jun  8 22:23:01 TPServer kernel: [    2.243308] sd 3:0:0:0: [sdb] Write Protect is off
Jun  8 22:23:01 TPServer kernel: [    2.243308] sd 2:0:0:0: [sda] Write Protect is off
Jun  8 22:23:01 TPServer kernel: [    2.243312] sd 4:0:0:0: [sdc] Write Protect is off
Jun  8 22:23:01 TPServer kernel: [    2.243325] sd 3:0:0:0: [sdb] Write cache: enabled, read cache: enabled, doesn't support DPO or FUA
Jun  8 22:23:01 TPServer kernel: [    2.243325] sd 2:0:0:0: [sda] Write cache: enabled, read cache: enabled, doesn't support DPO or FUA
Jun  8 22:23:01 TPServer kernel: [    2.243329] sd 4:0:0:0: [sdc] Write cache: enabled, read cache: enabled, doesn't support DPO or FUA
Jun  8 22:23:01 TPServer kernel: [    2.243353] sdc: detected capacity change from 0 to 10737418240
Jun  8 22:23:01 TPServer kernel: [    2.243357] sda: detected capacity change from 0 to 10737418240
Jun  8 22:23:01 TPServer kernel: [    2.243358] sdb: detected capacity change from 10737418240 to 8589934592
Jun  8 22:23:01 TPServer kernel: [    2.259771] sda: detected capacity change from 0 to 10737418240
Jun  8 22:23:01 TPServer kernel: [    2.259986] sdb: detected capacity change from 0 to 8589934592
Jun  8 22:23:01 TPServer kernel: [    2.260046] sdc: detected capacity change from 0 to 10737418240
Jun  8 22:23:01 TPServer kernel: [    2.303034] usb usb1: New USB device found, idVendor=1d6b, idProduct=0001, bcdDevice= 5.10
Jun  8 22:23:01 TPServer kernel: [    2.303037] usb usb1: New USB device strings: Mfr=3, Product=2, SerialNumber=1
Jun  8 22:23:01 TPServer kernel: [    2.303038] usb usb1: Product: OHCI PCI host controller
Jun  8 22:23:01 TPServer kernel: [    2.303040] usb usb1: Manufacturer: Linux 5.10.0-35-amd64 ohci_hcd
Jun  8 22:23:01 TPServer kernel: [    2.303041] usb usb1: SerialNumber: 0000:00:06.0
Jun  8 22:23:01 TPServer kernel: [    2.303287] hub 1-0:1.0: USB hub found
Jun  8 22:23:01 TPServer kernel: [    2.303304] hub 1-0:1.0: 12 ports detected
Jun  8 22:23:01 TPServer kernel: [    2.476066]  sdc: sdc1 sdc2
Jun  8 22:23:01 TPServer kernel: [    2.476548]  sdb: sdb1
Jun  8 22:23:01 TPServer kernel: [    2.491576] sdb: detected capacity change from 0 to 8589934592
Jun  8 22:23:01 TPServer kernel: [    2.491584] sd 3:0:0:0: [sdb] Attached SCSI disk
Jun  8 22:23:01 TPServer kernel: [    2.507133] sdc: detected capacity change from 0 to 10737418240
Jun  8 22:23:01 TPServer kernel: [    2.507146] sd 4:0:0:0: [sdc] Attached SCSI disk
Jun  8 22:23:01 TPServer kernel: [    2.507599]  sda: sda1 sda2 < sda5 >
Jun  8 22:23:01 TPServer kernel: [    2.535248] sda: detected capacity change from 0 to 10737418240
Jun  8 22:23:01 TPServer kernel: [    2.535259] sd 2:0:0:0: [sda] Attached SCSI disk
Jun  8 22:23:01 TPServer kernel: [    2.698078] usb 1-1: new full-speed USB device number 2 using ohci-pci
Jun  8 22:23:01 TPServer kernel: [    3.151424] usb 1-1: New USB device found, idVendor=80ee, idProduct=0021, bcdDevice= 1.00
Jun  8 22:23:01 TPServer kernel: [    3.151428] usb 1-1: New USB device strings: Mfr=1, Product=3, SerialNumber=0
Jun  8 22:23:01 TPServer kernel: [    3.151430] usb 1-1: Product: USB Tablet
Jun  8 22:23:01 TPServer kernel: [    3.151431] usb 1-1: Manufacturer: VirtualBox
Jun  8 22:23:01 TPServer kernel: [    3.159692] hid: raw HID events driver (C) Jiri Kosina
Jun  8 22:23:01 TPServer kernel: [    3.167829] usbcore: registered new interface driver usbhid
Jun  8 22:23:01 TPServer kernel: [    3.167831] usbhid: USB HID core driver
Jun  8 22:23:01 TPServer kernel: [    3.169133] input: VirtualBox USB Tablet as /devices/pci0000:00/0000:00:06.0/usb1/1-1/1-1:1.0/0003:80EE:0021.0001/input/input4
Jun  8 22:23:01 TPServer kernel: [    3.169285] hid-generic 0003:80EE:0021.0001: input,hidraw0: USB HID v1.10 Mouse [VirtualBox USB Tablet] on usb-0000:00:06.0-1/input0
Jun  8 22:23:01 TPServer kernel: [    3.392841] EXT4-fs (sda1): mounted filesystem with ordered data mode. Opts: (null)
Jun  8 22:23:01 TPServer kernel: [    3.440703] Not activating Mandatory Access Control as /sbin/tomoyo-init does not exist.
Jun  8 22:23:01 TPServer kernel: [    3.961396] fuse: init (API version 7.32)
Jun  8 22:23:01 TPServer kernel: [    3.968459] EXT4-fs (sda1): re-mounted. Opts: errors=remount-ro
Jun  8 22:23:01 TPServer kernel: [    4.000667] ACPI: bus type drm_connector registered
Jun  8 22:23:01 TPServer kernel: [    4.645969] ACPI: AC Adapter [AC] (on-line)
Jun  8 22:23:01 TPServer kernel: [    4.648582] input: Power Button as /devices/LNXSYSTM:00/LNXPWRBN:00/input/input5
Jun  8 22:23:01 TPServer kernel: [    4.651012] RAPL PMU: API unit is 2^-32 Joules, 1 fixed counters, 163840 ms ovfl timer
Jun  8 22:23:01 TPServer kernel: [    4.651014] RAPL PMU: hw unit of domain package 2^-16 Joules
Jun  8 22:23:01 TPServer kernel: [    4.663750] input: PC Speaker as /devices/platform/pcspkr/input/input6
Jun  8 22:23:01 TPServer kernel: [    4.675047] ACPI: Power Button [PWRF]
Jun  8 22:23:01 TPServer kernel: [    4.675144] input: Sleep Button as /devices/LNXSYSTM:00/LNXSLPBN:00/input/input7
Jun  8 22:23:01 TPServer kernel: [    4.675222] ACPI: Sleep Button [SLPF]
